This is XeTeX, Version 3.14159265-2.6-0.99999 (TeX Live 2019/dev/Debian) (preloaded format=xelatex 2020.9.12)  17 NOV 2020 17:41
entering extended mode
 restricted \write18 enabled.
 %&-line parsing enabled.
**slides.tex
(./slides.tex
LaTeX2e <2018-12-01>
(/usr/share/texlive/texmf-dist/tex/latex/beamer/beamer.cls
Document Class: beamer 2018/12/02 v3.55 A class for typesetting presentations
(/usr/share/texlive/texmf-dist/tex/latex/beamer/beamerbasemodes.sty
(/usr/share/texlive/texmf-dist/tex/latex/etoolbox/etoolbox.sty
Package: etoolbox 2018/08/19 v2.5f e-TeX tools for LaTeX (JAW)
\etb@tempcnta=\count80
)
\beamer@tempbox=\box27
\beamer@tempcount=\count81
\c@beamerpauses=\count82

(/usr/share/texlive/texmf-dist/tex/latex/beamer/beamerbasedecode.sty
\beamer@slideinframe=\count83
\beamer@minimum=\count84
)
\beamer@commentbox=\box28
\beamer@modecount=\count85
)
(/usr/share/texlive/texmf-dist/tex/generic/oberdiek/ifpdf.sty
Package: ifpdf 2018/09/07 v3.3 Provides the ifpdf switch
)
\headdp=\dimen102
\footheight=\dimen103
\sidebarheight=\dimen104
\beamer@tempdim=\dimen105
\beamer@finalheight=\dimen106
\beamer@animht=\dimen107
\beamer@animdp=\dimen108
\beamer@animwd=\dimen109
\beamer@leftmargin=\dimen110
\beamer@rightmargin=\dimen111
\beamer@leftsidebar=\dimen112
\beamer@rightsidebar=\dimen113
\beamer@boxsize=\dimen114
\beamer@vboxoffset=\dimen115
\beamer@descdefault=\dimen116
\beamer@descriptionwidth=\dimen117
\beamer@lastskip=\skip41
\beamer@areabox=\box29
\beamer@animcurrent=\box30
\beamer@animshowbox=\box31
\beamer@sectionbox=\box32
\beamer@logobox=\box33
\beamer@linebox=\box34
\beamer@sectioncount=\count86
\beamer@subsubsectionmax=\count87
\beamer@subsectionmax=\count88
\beamer@sectionmax=\count89
\beamer@totalheads=\count90
\beamer@headcounter=\count91
\beamer@partstartpage=\count92
\beamer@sectionstartpage=\count93
\beamer@subsectionstartpage=\count94
\beamer@animationtempa=\count95
\beamer@animationtempb=\count96
\beamer@xpos=\count97
\beamer@ypos=\count98
\beamer@ypos@offset=\count99
\beamer@showpartnumber=\count100
\beamer@currentsubsection=\count101
\beamer@coveringdepth=\count102
\beamer@sectionadjust=\count103
\beamer@tocsectionnumber=\count104

(/usr/share/texlive/texmf-dist/tex/latex/beamer/beamerbaseoptions.sty
(/usr/share/texlive/texmf-dist/tex/latex/graphics/keyval.sty
Package: keyval 2014/10/28 v1.15 key=value parser (DPC)
\KV@toks@=\toks14
))
\beamer@paperwidth=\skip42
\beamer@paperheight=\skip43

(/usr/share/texlive/texmf-dist/tex/latex/geometry/geometry.sty
Package: geometry 2018/04/16 v5.8 Page Geometry

(/usr/share/texlive/texmf-dist/tex/generic/oberdiek/ifvtex.sty
Package: ifvtex 2016/05/16 v1.6 Detect VTeX and its facilities (HO)
Package ifvtex Info: VTeX not detected.
)
(/usr/share/texlive/texmf-dist/tex/generic/ifxetex/ifxetex.sty
Package: ifxetex 2010/09/12 v0.6 Provides ifxetex conditional
)
\Gm@cnth=\count105
\Gm@cntv=\count106
\c@Gm@tempcnt=\count107
\Gm@bindingoffset=\dimen118
\Gm@wd@mp=\dimen119
\Gm@odd@mp=\dimen120
\Gm@even@mp=\dimen121
\Gm@layoutwidth=\dimen122
\Gm@layoutheight=\dimen123
\Gm@layouthoffset=\dimen124
\Gm@layoutvoffset=\dimen125
\Gm@dimlist=\toks15
)
(/usr/share/texlive/texmf-dist/tex/latex/base/size11.clo
File: size11.clo 2018/09/03 v1.4i Standard LaTeX file (size option)
)
(/usr/share/texlive/texmf-dist/tex/latex/pgf/basiclayer/pgfcore.sty
(/usr/share/texlive/texmf-dist/tex/latex/graphics/graphicx.sty
Package: graphicx 2017/06/01 v1.1a Enhanced LaTeX Graphics (DPC,SPQR)

(/usr/share/texlive/texmf-dist/tex/latex/graphics/graphics.sty
Package: graphics 2017/06/25 v1.2c Standard LaTeX Graphics (DPC,SPQR)

(/usr/share/texlive/texmf-dist/tex/latex/graphics/trig.sty
Package: trig 2016/01/03 v1.10 sin cos tan (DPC)
)
(/usr/share/texlive/texmf-dist/tex/latex/graphics-cfg/graphics.cfg
File: graphics.cfg 2016/06/04 v1.11 sample graphics configuration
)
Package graphics Info: Driver file: xetex.def on input line 99.

(/usr/share/texlive/texmf-dist/tex/latex/graphics-def/xetex.def
File: xetex.def 2017/06/24 v5.0h Graphics/color driver for xetex
))
\Gin@req@height=\dimen126
\Gin@req@width=\dimen127
)
(/usr/share/texlive/texmf-dist/tex/latex/pgf/systemlayer/pgfsys.sty
(/usr/share/texlive/texmf-dist/tex/latex/pgf/utilities/pgfrcs.sty
(/usr/share/texlive/texmf-dist/tex/generic/pgf/utilities/pgfutil-common.tex
\pgfutil@everybye=\toks16
\pgfutil@tempdima=\dimen128
\pgfutil@tempdimb=\dimen129

(/usr/share/texlive/texmf-dist/tex/generic/pgf/utilities/pgfutil-common-lists.t
ex)) (/usr/share/texlive/texmf-dist/tex/generic/pgf/utilities/pgfutil-latex.def
\pgfutil@abb=\box35
(/usr/share/texlive/texmf-dist/tex/latex/ms/everyshi.sty
Package: everyshi 2001/05/15 v3.00 EveryShipout Package (MS)
))
(/usr/share/texlive/texmf-dist/tex/generic/pgf/utilities/pgfrcs.code.tex
(/usr/share/texlive/texmf-dist/tex/generic/pgf/pgf.revision.tex)
Package: pgfrcs 2019/02/02 v3.1.1 (3.1.1)
))
(/usr/share/texlive/texmf-dist/tex/generic/pgf/systemlayer/pgfsys.code.tex
Package: pgfsys 2019/02/02 v3.1.1 (3.1.1)

(/usr/share/texlive/texmf-dist/tex/generic/pgf/utilities/pgfkeys.code.tex
\pgfkeys@pathtoks=\toks17
\pgfkeys@temptoks=\toks18

(/usr/share/texlive/texmf-dist/tex/generic/pgf/utilities/pgfkeysfiltered.code.t
ex
\pgfkeys@tmptoks=\toks19
))
\pgf@x=\dimen130
\pgf@y=\dimen131
\pgf@xa=\dimen132
\pgf@ya=\dimen133
\pgf@xb=\dimen134
\pgf@yb=\dimen135
\pgf@xc=\dimen136
\pgf@yc=\dimen137
\w@pgf@writea=\write3
\r@pgf@reada=\read1
\c@pgf@counta=\count108
\c@pgf@countb=\count109
\c@pgf@countc=\count110
\c@pgf@countd=\count111
\t@pgf@toka=\toks20
\t@pgf@tokb=\toks21
\t@pgf@tokc=\toks22
\pgf@sys@id@count=\count112
 (/usr/share/texlive/texmf-dist/tex/generic/pgf/systemlayer/pgf.cfg
File: pgf.cfg 2019/02/02 v3.1.1 (3.1.1)
)
Driver file for pgf: pgfsys-xetex.def

(/usr/share/texlive/texmf-dist/tex/generic/pgf/systemlayer/pgfsys-xetex.def
File: pgfsys-xetex.def 2019/02/02 v3.1.1 (3.1.1)

(/usr/share/texlive/texmf-dist/tex/generic/pgf/systemlayer/pgfsys-dvipdfmx.def
File: pgfsys-dvipdfmx.def 2019/02/02 v3.1.1 (3.1.1)

(/usr/share/texlive/texmf-dist/tex/generic/pgf/systemlayer/pgfsys-common-pdf.de
f
File: pgfsys-common-pdf.def 2019/02/02 v3.1.1 (3.1.1)
)
\pgfsys@objnum=\count113
)))
(/usr/share/texlive/texmf-dist/tex/generic/pgf/systemlayer/pgfsyssoftpath.code.
tex
File: pgfsyssoftpath.code.tex 2019/02/02 v3.1.1 (3.1.1)
\pgfsyssoftpath@smallbuffer@items=\count114
\pgfsyssoftpath@bigbuffer@items=\count115
)
(/usr/share/texlive/texmf-dist/tex/generic/pgf/systemlayer/pgfsysprotocol.code.
tex
File: pgfsysprotocol.code.tex 2019/02/02 v3.1.1 (3.1.1)
)) (/usr/share/texlive/texmf-dist/tex/latex/xcolor/xcolor.sty
Package: xcolor 2016/05/11 v2.12 LaTeX color extensions (UK)

(/usr/share/texlive/texmf-dist/tex/latex/graphics-cfg/color.cfg
File: color.cfg 2016/01/02 v1.6 sample color configuration
)
Package xcolor Info: Driver file: xetex.def on input line 225.
Package xcolor Info: Model `cmy' substituted by `cmy0' on input line 1348.
Package xcolor Info: Model `RGB' extended on input line 1364.
Package xcolor Info: Model `HTML' substituted by `rgb' on input line 1366.
Package xcolor Info: Model `Hsb' substituted by `hsb' on input line 1367.
Package xcolor Info: Model `tHsb' substituted by `hsb' on input line 1368.
Package xcolor Info: Model `HSB' substituted by `hsb' on input line 1369.
Package xcolor Info: Model `Gray' substituted by `gray' on input line 1370.
Package xcolor Info: Model `wave' substituted by `hsb' on input line 1371.
)
(/usr/share/texlive/texmf-dist/tex/generic/pgf/basiclayer/pgfcore.code.tex
Package: pgfcore 2019/02/02 v3.1.1 (3.1.1)

(/usr/share/texlive/texmf-dist/tex/generic/pgf/math/pgfmath.code.tex
(/usr/share/texlive/texmf-dist/tex/generic/pgf/math/pgfmathcalc.code.tex
(/usr/share/texlive/texmf-dist/tex/generic/pgf/math/pgfmathutil.code.tex)
(/usr/share/texlive/texmf-dist/tex/generic/pgf/math/pgfmathparser.code.tex
\pgfmath@dimen=\dimen138
\pgfmath@count=\count116
\pgfmath@box=\box36
\pgfmath@toks=\toks23
\pgfmath@stack@operand=\toks24
\pgfmath@stack@operation=\toks25
)
(/usr/share/texlive/texmf-dist/tex/generic/pgf/math/pgfmathfunctions.code.tex
(/usr/share/texlive/texmf-dist/tex/generic/pgf/math/pgfmathfunctions.basic.code
.tex)
(/usr/share/texlive/texmf-dist/tex/generic/pgf/math/pgfmathfunctions.trigonomet
ric.code.tex)
(/usr/share/texlive/texmf-dist/tex/generic/pgf/math/pgfmathfunctions.random.cod
e.tex)
(/usr/share/texlive/texmf-dist/tex/generic/pgf/math/pgfmathfunctions.comparison
.code.tex)
(/usr/share/texlive/texmf-dist/tex/generic/pgf/math/pgfmathfunctions.base.code.
tex)
(/usr/share/texlive/texmf-dist/tex/generic/pgf/math/pgfmathfunctions.round.code
.tex)
(/usr/share/texlive/texmf-dist/tex/generic/pgf/math/pgfmathfunctions.misc.code.
tex)
(/usr/share/texlive/texmf-dist/tex/generic/pgf/math/pgfmathfunctions.integerari
thmetics.code.tex)))
(/usr/share/texlive/texmf-dist/tex/generic/pgf/math/pgfmathfloat.code.tex
\c@pgfmathroundto@lastzeros=\count117
))
(/usr/share/texlive/texmf-dist/tex/generic/pgf/basiclayer/pgfcorepoints.code.te
x
File: pgfcorepoints.code.tex 2019/02/02 v3.1.1 (3.1.1)
\pgf@picminx=\dimen139
\pgf@picmaxx=\dimen140
\pgf@picminy=\dimen141
\pgf@picmaxy=\dimen142
\pgf@pathminx=\dimen143
\pgf@pathmaxx=\dimen144
\pgf@pathminy=\dimen145
\pgf@pathmaxy=\dimen146
\pgf@xx=\dimen147
\pgf@xy=\dimen148
\pgf@yx=\dimen149
\pgf@yy=\dimen150
\pgf@zx=\dimen151
\pgf@zy=\dimen152
)
(/usr/share/texlive/texmf-dist/tex/generic/pgf/basiclayer/pgfcorepathconstruct.
code.tex
File: pgfcorepathconstruct.code.tex 2019/02/02 v3.1.1 (3.1.1)
\pgf@path@lastx=\dimen153
\pgf@path@lasty=\dimen154
)
(/usr/share/texlive/texmf-dist/tex/generic/pgf/basiclayer/pgfcorepathusage.code
.tex
File: pgfcorepathusage.code.tex 2019/02/02 v3.1.1 (3.1.1)
\pgf@shorten@end@additional=\dimen155
\pgf@shorten@start@additional=\dimen156
)
(/usr/share/texlive/texmf-dist/tex/generic/pgf/basiclayer/pgfcorescopes.code.te
x
File: pgfcorescopes.code.tex 2019/02/02 v3.1.1 (3.1.1)
\pgfpic=\box37
\pgf@hbox=\box38
\pgf@layerbox@main=\box39
\pgf@picture@serial@count=\count118
)
(/usr/share/texlive/texmf-dist/tex/generic/pgf/basiclayer/pgfcoregraphicstate.c
ode.tex
File: pgfcoregraphicstate.code.tex 2019/02/02 v3.1.1 (3.1.1)
\pgflinewidth=\dimen157
)
(/usr/share/texlive/texmf-dist/tex/generic/pgf/basiclayer/pgfcoretransformation
s.code.tex
File: pgfcoretransformations.code.tex 2019/02/02 v3.1.1 (3.1.1)
\pgf@pt@x=\dimen158
\pgf@pt@y=\dimen159
\pgf@pt@temp=\dimen160
)
(/usr/share/texlive/texmf-dist/tex/generic/pgf/basiclayer/pgfcorequick.code.tex
File: pgfcorequick.code.tex 2019/02/02 v3.1.1 (3.1.1)
)
(/usr/share/texlive/texmf-dist/tex/generic/pgf/basiclayer/pgfcoreobjects.code.t
ex
File: pgfcoreobjects.code.tex 2019/02/02 v3.1.1 (3.1.1)
)
(/usr/share/texlive/texmf-dist/tex/generic/pgf/basiclayer/pgfcorepathprocessing
.code.tex
File: pgfcorepathprocessing.code.tex 2019/02/02 v3.1.1 (3.1.1)
)
(/usr/share/texlive/texmf-dist/tex/generic/pgf/basiclayer/pgfcorearrows.code.te
x
File: pgfcorearrows.code.tex 2019/02/02 v3.1.1 (3.1.1)
\pgfarrowsep=\dimen161
)
(/usr/share/texlive/texmf-dist/tex/generic/pgf/basiclayer/pgfcoreshade.code.tex
File: pgfcoreshade.code.tex 2019/02/02 v3.1.1 (3.1.1)
\pgf@max=\dimen162
\pgf@sys@shading@range@num=\count119
)
(/usr/share/texlive/texmf-dist/tex/generic/pgf/basiclayer/pgfcoreimage.code.tex
File: pgfcoreimage.code.tex 2019/02/02 v3.1.1 (3.1.1)

(/usr/share/texlive/texmf-dist/tex/generic/pgf/basiclayer/pgfcoreexternal.code.
tex
File: pgfcoreexternal.code.tex 2019/02/02 v3.1.1 (3.1.1)
\pgfexternal@startupbox=\box40
))
(/usr/share/texlive/texmf-dist/tex/generic/pgf/basiclayer/pgfcorelayers.code.te
x
File: pgfcorelayers.code.tex 2019/02/02 v3.1.1 (3.1.1)
)
(/usr/share/texlive/texmf-dist/tex/generic/pgf/basiclayer/pgfcoretransparency.c
ode.tex
File: pgfcoretransparency.code.tex 2019/02/02 v3.1.1 (3.1.1)
)
(/usr/share/texlive/texmf-dist/tex/generic/pgf/basiclayer/pgfcorepatterns.code.
tex
File: pgfcorepatterns.code.tex 2019/02/02 v3.1.1 (3.1.1)
)
(/usr/share/texlive/texmf-dist/tex/generic/pgf/basiclayer/pgfcorerdf.code.tex
File: pgfcorerdf.code.tex 2019/02/02 v3.1.1 (3.1.1)
))) (/usr/share/texlive/texmf-dist/tex/latex/pgf/utilities/xxcolor.sty
Package: xxcolor 2003/10/24 ver 0.1
\XC@nummixins=\count120
\XC@countmixins=\count121
)
(/usr/share/texlive/texmf-dist/tex/generic/oberdiek/atbegshi.sty
Package: atbegshi 2016/06/09 v1.18 At begin shipout hook (HO)

(/usr/share/texlive/texmf-dist/tex/generic/oberdiek/infwarerr.sty
Package: infwarerr 2016/05/16 v1.4 Providing info/warning/error messages (HO)
)
(/usr/share/texlive/texmf-dist/tex/generic/oberdiek/ltxcmds.sty
Package: ltxcmds 2016/05/16 v1.23 LaTeX kernel commands for general use (HO)
))
(/usr/share/texlive/texmf-dist/tex/latex/hyperref/hyperref.sty
Package: hyperref 2018/11/30 v6.88e Hypertext links for LaTeX

(/usr/share/texlive/texmf-dist/tex/generic/oberdiek/hobsub-hyperref.sty
Package: hobsub-hyperref 2016/05/16 v1.14 Bundle oberdiek, subset hyperref (HO)


(/usr/share/texlive/texmf-dist/tex/generic/oberdiek/hobsub-generic.sty
Package: hobsub-generic 2016/05/16 v1.14 Bundle oberdiek, subset generic (HO)
Package: hobsub 2016/05/16 v1.14 Construct package bundles (HO)
Package hobsub Info: Skipping package `infwarerr' (already loaded).
Package hobsub Info: Skipping package `ltxcmds' (already loaded).
Package: ifluatex 2016/05/16 v1.4 Provides the ifluatex switch (HO)
Package ifluatex Info: LuaTeX not detected.
Package hobsub Info: Skipping package `ifvtex' (already loaded).
Package: intcalc 2016/05/16 v1.2 Expandable calculations with integers (HO)
Package hobsub Info: Skipping package `ifpdf' (already loaded).
Package: etexcmds 2016/05/16 v1.6 Avoid name clashes with e-TeX commands (HO)
Package: kvsetkeys 2016/05/16 v1.17 Key value parser (HO)
Package: kvdefinekeys 2016/05/16 v1.4 Define keys (HO)
Package: pdftexcmds 2018/09/10 v0.29 Utility functions of pdfTeX for LuaTeX (HO
)
Package pdftexcmds Info: LuaTeX not detected.
Package pdftexcmds Info: pdfTeX >= 1.30 not detected.
Package pdftexcmds Info: \pdf@primitive is available.
Package pdftexcmds Info: \pdf@ifprimitive is available.
Package pdftexcmds Info: \pdfdraftmode not found.
Package: pdfescape 2016/05/16 v1.14 Implements pdfTeX's escape features (HO)
Package: bigintcalc 2016/05/16 v1.4 Expandable calculations on big integers (HO
)
Package: bitset 2016/05/16 v1.2 Handle bit-vector datatype (HO)
Package: uniquecounter 2016/05/16 v1.3 Provide unlimited unique counter (HO)
)
Package hobsub Info: Skipping package `hobsub' (already loaded).
Package: letltxmacro 2016/05/16 v1.5 Let assignment for LaTeX macros (HO)
Package: hopatch 2016/05/16 v1.3 Wrapper for package hooks (HO)
Package: xcolor-patch 2016/05/16 xcolor patch
Package: atveryend 2016/05/16 v1.9 Hooks at the very end of document (HO)
Package hobsub Info: Skipping package `atbegshi' (already loaded).
Package: refcount 2016/05/16 v3.5 Data extraction from label references (HO)
Package: hycolor 2016/05/16 v1.8 Color options for hyperref/bookmark (HO)
)
(/usr/share/texlive/texmf-dist/tex/latex/oberdiek/auxhook.sty
Package: auxhook 2016/05/16 v1.4 Hooks for auxiliary files (HO)
)
(/usr/share/texlive/texmf-dist/tex/latex/oberdiek/kvoptions.sty
Package: kvoptions 2016/05/16 v3.12 Key value format for package options (HO)
)
\@linkdim=\dimen163
\Hy@linkcounter=\count122
\Hy@pagecounter=\count123

(/usr/share/texlive/texmf-dist/tex/latex/hyperref/pd1enc.def
File: pd1enc.def 2018/11/30 v6.88e Hyperref: PDFDocEncoding definition (HO)
)
\Hy@SavedSpaceFactor=\count124

(/usr/share/texlive/texmf-dist/tex/latex/latexconfig/hyperref.cfg
File: hyperref.cfg 2002/06/06 v1.2 hyperref configuration of TeXLive
)
Package hyperref Info: Option `bookmarks' set `true' on input line 4393.
Package hyperref Info: Option `bookmarksopen' set `true' on input line 4393.
Package hyperref Info: Option `implicit' set `false' on input line 4393.
Package hyperref Info: Hyper figures OFF on input line 4519.
Package hyperref Info: Link nesting OFF on input line 4524.
Package hyperref Info: Hyper index ON on input line 4527.
Package hyperref Info: Plain pages OFF on input line 4534.
Package hyperref Info: Backreferencing OFF on input line 4539.
Package hyperref Info: Implicit mode OFF; no redefinition of LaTeX internals.
Package hyperref Info: Bookmarks ON on input line 4772.
\c@Hy@tempcnt=\count125

(/usr/share/texlive/texmf-dist/tex/latex/url/url.sty
\Urlmuskip=\muskip10
Package: url 2013/09/16  ver 3.4  Verb mode for urls, etc.
)
LaTeX Info: Redefining \url on input line 5125.
\XeTeXLinkMargin=\dimen164
\Fld@menulength=\count126
\Field@Width=\dimen165
\Fld@charsize=\dimen166
Package hyperref Info: Hyper figures OFF on input line 6380.
Package hyperref Info: Link nesting OFF on input line 6385.
Package hyperref Info: Hyper index ON on input line 6388.
Package hyperref Info: backreferencing OFF on input line 6395.
Package hyperref Info: Link coloring OFF on input line 6400.
Package hyperref Info: Link coloring with OCG OFF on input line 6405.
Package hyperref Info: PDF/A mode OFF on input line 6410.
LaTeX Info: Redefining \ref on input line 6450.
LaTeX Info: Redefining \pageref on input line 6454.
\Hy@abspage=\count127


Package hyperref Message: Stopped early.

)
Package hyperref Info: Driver (autodetected): hxetex.
 (/usr/share/texlive/texmf-dist/tex/latex/hyperref/hxetex.def
File: hxetex.def 2018/11/30 v6.88e Hyperref driver for XeTeX

(/usr/share/texlive/texmf-dist/tex/latex/hyperref/puenc.def
File: puenc.def 2018/11/30 v6.88e Hyperref: PDF Unicode definition (HO)
)
(/usr/share/texlive/texmf-dist/tex/generic/oberdiek/stringenc.sty
Package: stringenc 2016/05/16 v1.11 Convert strings between diff. encodings (HO
)
)
\pdfm@box=\box41
\c@Hy@AnnotLevel=\count128
\HyField@AnnotCount=\count129
\Fld@listcount=\count130
\c@bookmark@seq@number=\count131

(/usr/share/texlive/texmf-dist/tex/latex/oberdiek/rerunfilecheck.sty
Package: rerunfilecheck 2016/05/16 v1.8 Rerun checks for auxiliary files (HO)
Package uniquecounter Info: New unique counter `rerunfilecheck' on input line 2
82.
))
(/usr/share/texlive/texmf-dist/tex/generic/oberdiek/se-ascii-print.def
File: se-ascii-print.def 2016/05/16 v1.11 stringenc: Printable ASCII characters

)
(/usr/share/texlive/texmf-dist/tex/latex/beamer/beamerbaserequires.sty
(/usr/share/texlive/texmf-dist/tex/latex/beamer/beamerbasecompatibility.sty)
(/usr/share/texlive/texmf-dist/tex/latex/beamer/beamerbasefont.sty
(/usr/share/texlive/texmf-dist/tex/latex/amsfonts/amssymb.sty
Package: amssymb 2013/01/14 v3.01 AMS font symbols

(/usr/share/texlive/texmf-dist/tex/latex/amsfonts/amsfonts.sty
Package: amsfonts 2013/01/14 v3.01 Basic AMSFonts support
\@emptytoks=\toks26
\symAMSa=\mathgroup4
\symAMSb=\mathgroup5
LaTeX Font Info:    Overwriting math alphabet `\mathfrak' in version `bold'
(Font)                  U/euf/m/n --> U/euf/b/n on input line 106.
))
(/usr/share/texlive/texmf-dist/tex/latex/sansmathaccent/sansmathaccent.sty
Package: sansmathaccent 2013/03/28

(/usr/share/texlive/texmf-dist/tex/latex/filehook/filehook.sty
Package: filehook 2011/10/12 v0.5d Hooks for input files
)))
(/usr/share/texlive/texmf-dist/tex/latex/beamer/beamerbasetranslator.sty
(/usr/share/texlive/texmf-dist/tex/latex/translator/translator.sty
Package: translator 2018/01/04 v1.12 Easy translation of strings in LaTeX
))
(/usr/share/texlive/texmf-dist/tex/latex/beamer/beamerbasemisc.sty)
(/usr/share/texlive/texmf-dist/tex/latex/beamer/beamerbasetwoscreens.sty)
(/usr/share/texlive/texmf-dist/tex/latex/beamer/beamerbaseoverlay.sty
\beamer@argscount=\count132
\beamer@lastskipcover=\skip44
\beamer@trivlistdepth=\count133
)
(/usr/share/texlive/texmf-dist/tex/latex/beamer/beamerbasetitle.sty)
(/usr/share/texlive/texmf-dist/tex/latex/beamer/beamerbasesection.sty
\c@lecture=\count134
\c@part=\count135
\c@section=\count136
\c@subsection=\count137
\c@subsubsection=\count138
)
(/usr/share/texlive/texmf-dist/tex/latex/beamer/beamerbaseframe.sty
\beamer@framebox=\box42
\beamer@frametitlebox=\box43
\beamer@zoombox=\box44
\beamer@zoomcount=\count139
\beamer@zoomframecount=\count140
\beamer@frametextheight=\dimen167
\c@subsectionslide=\count141
\beamer@frametopskip=\skip45
\beamer@framebottomskip=\skip46
\beamer@frametopskipautobreak=\skip47
\beamer@framebottomskipautobreak=\skip48
\beamer@envbody=\toks27
\framewidth=\dimen168
\c@framenumber=\count142
)
(/usr/share/texlive/texmf-dist/tex/latex/beamer/beamerbaseverbatim.sty
\beamer@verbatimfileout=\write4
)
(/usr/share/texlive/texmf-dist/tex/latex/beamer/beamerbaseframesize.sty
\beamer@splitbox=\box45
\beamer@autobreakcount=\count143
\beamer@autobreaklastheight=\dimen169
\beamer@frametitletoks=\toks28
\beamer@framesubtitletoks=\toks29
)
(/usr/share/texlive/texmf-dist/tex/latex/beamer/beamerbaseframecomponents.sty
\beamer@footins=\box46
)
(/usr/share/texlive/texmf-dist/tex/latex/beamer/beamerbasecolor.sty)
(/usr/share/texlive/texmf-dist/tex/latex/beamer/beamerbasenotes.sty
\beamer@frameboxcopy=\box47
)
(/usr/share/texlive/texmf-dist/tex/latex/beamer/beamerbasetoc.sty)
(/usr/share/texlive/texmf-dist/tex/latex/beamer/beamerbasetemplates.sty
\beamer@sbttoks=\toks30

(/usr/share/texlive/texmf-dist/tex/latex/beamer/beamerbaseauxtemplates.sty
(/usr/share/texlive/texmf-dist/tex/latex/beamer/beamerbaseboxes.sty
\bmb@box=\box48
\bmb@colorbox=\box49
\bmb@boxshadow=\box50
\bmb@boxshadowball=\box51
\bmb@boxshadowballlarge=\box52
\bmb@temp=\dimen170
\bmb@dima=\dimen171
\bmb@dimb=\dimen172
\bmb@prevheight=\dimen173
)
\beamer@blockheadheight=\dimen174
))
(/usr/share/texlive/texmf-dist/tex/latex/beamer/beamerbaselocalstructure.sty
(/usr/share/texlive/texmf-dist/tex/latex/tools/enumerate.sty
Package: enumerate 2015/07/23 v3.00 enumerate extensions (DPC)
\@enLab=\toks31
)
\c@figure=\count144
\c@table=\count145
\abovecaptionskip=\skip49
\belowcaptionskip=\skip50
)
(/usr/share/texlive/texmf-dist/tex/latex/beamer/beamerbasenavigation.sty
\beamer@section@min@dim=\dimen175
)
(/usr/share/texlive/texmf-dist/tex/latex/beamer/beamerbasetheorems.sty
(/usr/share/texlive/texmf-dist/tex/latex/amsmath/amsmath.sty
Package: amsmath 2018/12/01 v2.17b AMS math features
\@mathmargin=\skip51

For additional information on amsmath, use the `?' option.
(/usr/share/texlive/texmf-dist/tex/latex/amsmath/amstext.sty
Package: amstext 2000/06/29 v2.01 AMS text

(/usr/share/texlive/texmf-dist/tex/latex/amsmath/amsgen.sty
File: amsgen.sty 1999/11/30 v2.0 generic functions
\@emptytoks=\toks32
\ex@=\dimen176
))
(/usr/share/texlive/texmf-dist/tex/latex/amsmath/amsbsy.sty
Package: amsbsy 1999/11/29 v1.2d Bold Symbols
\pmbraise@=\dimen177
)
(/usr/share/texlive/texmf-dist/tex/latex/amsmath/amsopn.sty
Package: amsopn 2016/03/08 v2.02 operator names
)
\inf@bad=\count146
LaTeX Info: Redefining \frac on input line 223.
\uproot@=\count147
\leftroot@=\count148
LaTeX Info: Redefining \overline on input line 385.
\classnum@=\count149
\DOTSCASE@=\count150
LaTeX Info: Redefining \ldots on input line 482.
LaTeX Info: Redefining \dots on input line 485.
LaTeX Info: Redefining \cdots on input line 606.
\Mathstrutbox@=\box53
\strutbox@=\box54
\big@size=\dimen178
LaTeX Font Info:    Redeclaring font encoding OML on input line 729.
LaTeX Font Info:    Redeclaring font encoding OMS on input line 730.
\macc@depth=\count151
\c@MaxMatrixCols=\count152
\dotsspace@=\muskip11
\c@parentequation=\count153
\dspbrk@lvl=\count154
\tag@help=\toks33
\row@=\count155
\column@=\count156
\maxfields@=\count157
\andhelp@=\toks34
\eqnshift@=\dimen179
\alignsep@=\dimen180
\tagshift@=\dimen181
\tagwidth@=\dimen182
\totwidth@=\dimen183
\lineht@=\dimen184
\@envbody=\toks35
\multlinegap=\skip52
\multlinetaggap=\skip53
\mathdisplay@stack=\toks36
LaTeX Info: Redefining \[ on input line 2844.
LaTeX Info: Redefining \] on input line 2845.
)
(/usr/share/texlive/texmf-dist/tex/latex/amscls/amsthm.sty
Package: amsthm 2017/10/31 v2.20.4
\thm@style=\toks37
\thm@bodyfont=\toks38
\thm@headfont=\toks39
\thm@notefont=\toks40
\thm@headpunct=\toks41
\thm@preskip=\skip54
\thm@postskip=\skip55
\thm@headsep=\skip56
\dth@everypar=\toks42
)
\c@theorem=\count158
)
(/usr/share/texlive/texmf-dist/tex/latex/beamer/beamerbasethemes.sty))
(/usr/share/texlive/texmf-dist/tex/latex/beamer/beamerthemedefault.sty
(/usr/share/texlive/texmf-dist/tex/latex/beamer/beamerfontthemedefault.sty)
(/usr/share/texlive/texmf-dist/tex/latex/beamer/beamercolorthemedefault.sty)
(/usr/share/texlive/texmf-dist/tex/latex/beamer/beamerinnerthemedefault.sty
\beamer@dima=\dimen185
\beamer@dimb=\dimen186
)
(/usr/share/texlive/texmf-dist/tex/latex/beamer/beamerouterthemedefault.sty)))
(/usr/share/texlive/texmf-dist/tex/latex/beamer/beamerthemeCambridgeUS.sty
(/usr/share/texlive/texmf-dist/tex/latex/beamer/beamerinnerthemerounded.sty)
(/usr/share/texlive/texmf-dist/tex/latex/beamer/beamerouterthemeinfolines.sty)
(/usr/share/texlive/texmf-dist/tex/latex/beamer/beamercolorthemebeaver.sty))
(/usr/share/texlive/texmf-dist/tex/xelatex/xecjk/xeCJK.sty
(/usr/share/texlive/texmf-dist/tex/latex/l3kernel/expl3.sty
Package: expl3 2019-02-15 L3 programming layer (loader) 

(/usr/share/texlive/texmf-dist/tex/latex/l3kernel/expl3-code.tex
Package: expl3 2019-02-15 L3 programming layer (code)
\c_max_int=\count159
\l_tmpa_int=\count160
\l_tmpb_int=\count161
\g_tmpa_int=\count162
\g_tmpb_int=\count163
\g__kernel_prg_map_int=\count164
\c_log_iow=\count165
\l_iow_line_count_int=\count166
\l__iow_line_target_int=\count167
\l__iow_one_indent_int=\count168
\l__iow_indent_int=\count169
\c_zero_dim=\dimen187
\c_max_dim=\dimen188
\l_tmpa_dim=\dimen189
\l_tmpb_dim=\dimen190
\g_tmpa_dim=\dimen191
\g_tmpb_dim=\dimen192
\c_zero_skip=\skip57
\c_max_skip=\skip58
\l_tmpa_skip=\skip59
\l_tmpb_skip=\skip60
\g_tmpa_skip=\skip61
\g_tmpb_skip=\skip62
\c_zero_muskip=\muskip12
\c_max_muskip=\muskip13
\l_tmpa_muskip=\muskip14
\l_tmpb_muskip=\muskip15
\g_tmpa_muskip=\muskip16
\g_tmpb_muskip=\muskip17
\l_keys_choice_int=\count170
\l__intarray_loop_int=\count171
\c__intarray_sp_dim=\dimen193
\g__intarray_font_int=\count172
\c__fp_leading_shift_int=\count173
\c__fp_middle_shift_int=\count174
\c__fp_trailing_shift_int=\count175
\c__fp_big_leading_shift_int=\count176
\c__fp_big_middle_shift_int=\count177
\c__fp_big_trailing_shift_int=\count178
\c__fp_Bigg_leading_shift_int=\count179
\c__fp_Bigg_middle_shift_int=\count180
\c__fp_Bigg_trailing_shift_int=\count181
\g__fp_array_int=\count182
\l__fp_array_loop_int=\count183
\l__sort_length_int=\count184
\l__sort_min_int=\count185
\l__sort_top_int=\count186
\l__sort_max_int=\count187
\l__sort_true_max_int=\count188
\l__sort_block_int=\count189
\l__sort_begin_int=\count190
\l__sort_end_int=\count191
\l__sort_A_int=\count192
\l__sort_B_int=\count193
\l__sort_C_int=\count194
\l__tl_analysis_normal_int=\count195
\l__tl_analysis_index_int=\count196
\l__tl_analysis_nesting_int=\count197
\l__tl_analysis_type_int=\count198
\l__regex_internal_a_int=\count199
\l__regex_internal_b_int=\count266
\l__regex_internal_c_int=\count267
\l__regex_balance_int=\count268
\l__regex_group_level_int=\count269
\l__regex_mode_int=\count270
\c__regex_cs_in_class_mode_int=\count271
\c__regex_cs_mode_int=\count272
\l__regex_catcodes_int=\count273
\l__regex_default_catcodes_int=\count274
\c__regex_catcode_L_int=\count275
\c__regex_catcode_O_int=\count276
\c__regex_catcode_A_int=\count277
\c__regex_all_catcodes_int=\count278
\l__regex_show_lines_int=\count279
\l__regex_min_state_int=\count280
\l__regex_max_state_int=\count281
\l__regex_left_state_int=\count282
\l__regex_right_state_int=\count283
\l__regex_capturing_group_int=\count284
\l__regex_min_pos_int=\count285
\l__regex_max_pos_int=\count286
\l__regex_curr_pos_int=\count287
\l__regex_start_pos_int=\count288
\l__regex_success_pos_int=\count289
\l__regex_curr_char_int=\count290
\l__regex_curr_catcode_int=\count291
\l__regex_last_char_int=\count292
\l__regex_case_changed_char_int=\count293
\l__regex_curr_state_int=\count294
\l__regex_step_int=\count295
\l__regex_min_active_int=\count296
\l__regex_max_active_int=\count297
\l__regex_replacement_csnames_int=\count298
\l__regex_match_count_int=\count299
\l__regex_min_submatch_int=\count300
\l__regex_submatch_int=\count301
\l__regex_zeroth_submatch_int=\count302
\g__regex_trace_regex_int=\count303
\c_empty_box=\box55
\l_tmpa_box=\box56
\l_tmpb_box=\box57
\g_tmpa_box=\box58
\g_tmpb_box=\box59
\l__box_top_dim=\dimen194
\l__box_bottom_dim=\dimen195
\l__box_left_dim=\dimen196
\l__box_right_dim=\dimen197
\l__box_top_new_dim=\dimen198
\l__box_bottom_new_dim=\dimen199
\l__box_left_new_dim=\dimen256
\l__box_right_new_dim=\dimen257
\l__box_internal_box=\box60
\l__coffin_internal_box=\box61
\l__coffin_internal_dim=\dimen258
\l__coffin_offset_x_dim=\dimen259
\l__coffin_offset_y_dim=\dimen260
\l__coffin_x_dim=\dimen261
\l__coffin_y_dim=\dimen262
\l__coffin_x_prime_dim=\dimen263
\l__coffin_y_prime_dim=\dimen264
\c_empty_coffin=\box62
\l__coffin_aligned_coffin=\box63
\l__coffin_aligned_internal_coffin=\box64
\l_tmpa_coffin=\box65
\l_tmpb_coffin=\box66
\g_tmpa_coffin=\box67
\g_tmpb_coffin=\box68
\c__coffin_empty_coffin=\box69
\l__coffin_display_coffin=\box70
\l__coffin_display_coord_coffin=\box71
\l__coffin_display_pole_coffin=\box72
\l__coffin_display_offset_dim=\dimen265
\l__coffin_display_x_dim=\dimen266
\l__coffin_display_y_dim=\dimen267
\g__file_internal_ior=\read2
\l__coffin_bounding_shift_dim=\dimen268
\l__coffin_left_corner_dim=\dimen269
\l__coffin_right_corner_dim=\dimen270
\l__coffin_bottom_corner_dim=\dimen271
\l__coffin_top_corner_dim=\dimen272
\l__coffin_scaled_total_height_dim=\dimen273
\l__coffin_scaled_width_dim=\dimen274
\l__seq_internal_a_int=\count304
\l__seq_internal_b_int=\count305
)
(/usr/share/texlive/texmf-dist/tex/latex/l3kernel/l3xdvipdfmx.def
File: l3xdvipdfmx.def 2019-02-15 v L3 Experimental driver: xdvipdfmx
\g__driver_image_int=\count306
\g__driver_pdf_object_int=\count307
))
Package: xeCJK 2018/04/30 v3.7.1 Typesetting CJK scripts with XeLaTeX

(/usr/share/texlive/texmf-dist/tex/latex/l3packages/xtemplate/xtemplate.sty
Package: xtemplate 2018-10-17 L3 Experimental prototype document functions
\l__xtemplate_tmp_dim=\dimen275
\l__xtemplate_tmp_int=\count308
\l__xtemplate_tmp_muskip=\muskip18
\l__xtemplate_tmp_skip=\skip63
)
(/usr/share/texlive/texmf-dist/tex/latex/l3packages/xparse/xparse.sty
Package: xparse 2018-10-17 L3 Experimental document command parser
\l__xparse_current_arg_int=\count309
\g__xparse_grabber_int=\count310
\l__xparse_m_args_int=\count311
\l__xparse_mandatory_args_int=\count312
\l__xparse_v_nesting_int=\count313
)
(/usr/share/texlive/texmf-dist/tex/latex/l3packages/l3keys2e/l3keys2e.sty
Package: l3keys2e 2018-10-17 LaTeX2e option processing using LaTeX3 keys
)
\l__xeCJK_tmp_int=\count314
\l__xeCJK_tmp_box=\box73
\l__xeCJK_tmp_dim=\dimen276
\l__xeCJK_tmp_skip=\skip64
\g__xeCJK_space_factor_int=\count315
\l__xeCJK_begin_int=\count316
\l__xeCJK_end_int=\count317
\c__xeCJK_CJK_class_int=\XeTeXcharclass1
\c__xeCJK_FullLeft_class_int=\XeTeXcharclass2
\c__xeCJK_FullRight_class_int=\XeTeXcharclass3
\c__xeCJK_HalfLeft_class_int=\XeTeXcharclass4
\c__xeCJK_HalfRight_class_int=\XeTeXcharclass5
\c__xeCJK_NormalSpace_class_int=\XeTeXcharclass6
\c__xeCJK_CM_class_int=\XeTeXcharclass7
\c__xeCJK_HangulJamo_class_int=\XeTeXcharclass8
\l__xeCJK_last_skip=\skip65
\g__xeCJK_node_int=\count318
\c__xeCJK_CJK_node_dim=\dimen277
\c__xeCJK_CJK-space_node_dim=\dimen278
\c__xeCJK_default_node_dim=\dimen279
\c__xeCJK_default-space_node_dim=\dimen280
\c__xeCJK_CJK-widow_node_dim=\dimen281
\c__xeCJK_normalspace_node_dim=\dimen282
\l__xeCJK_ccglue_skip=\skip66
\l__xeCJK_ecglue_skip=\skip67
\l__xeCJK_punct_kern_skip=\skip68
\l__xeCJK_last_penalty_int=\count319
\l__xeCJK_last_bound_dim=\dimen283
\l__xeCJK_last_kern_dim=\dimen284
\l__xeCJK_widow_penalty_int=\count320

Package xtemplate Info: Declaring object type 'xeCJK/punctuation' taking 0
(xtemplate)             argument(s) on line 2362.

\l__xeCJK_fixed_punct_width_dim=\dimen285
\l__xeCJK_mixed_punct_width_dim=\dimen286
\l__xeCJK_middle_punct_width_dim=\dimen287
\l__xeCJK_fixed_margin_width_dim=\dimen288
\l__xeCJK_mixed_margin_width_dim=\dimen289
\l__xeCJK_middle_margin_width_dim=\dimen290
\l__xeCJK_bound_punct_width_dim=\dimen291
\l__xeCJK_bound_margin_width_dim=\dimen292
\l__xeCJK_margin_minimum_dim=\dimen293
\l__xeCJK_kerning_total_width_dim=\dimen294
\l__xeCJK_same_align_margin_dim=\dimen295
\l__xeCJK_different_align_margin_dim=\dimen296
\l__xeCJK_kerning_margin_width_dim=\dimen297
\l__xeCJK_kerning_margin_minimum_dim=\dimen298
\l__xeCJK_bound_dim=\dimen299
\l__xeCJK_reverse_bound_dim=\dimen300
\l__xeCJK_minimum_bound_dim=\dimen301
\l__xeCJK_kerning_margin_dim=\dimen302
\l__xeCJK_original_margin_dim=\dimen303
\g__xeCJK_family_int=\count321
\l__xeCJK_fam_int=\count322
\g__xeCJK_fam_allocation_int=\count323
\l__xeCJK_verb_case_int=\count324
\l__xeCJK_verb_exspace_skip=\skip69

(/usr/share/texlive/texmf-dist/tex/latex/fontspec/fontspec.sty
Package: fontspec 2019/02/12 v2.7b Font selection for XeLaTeX and LuaLaTeX

(/usr/share/texlive/texmf-dist/tex/latex/fontspec/fontspec-xetex.sty
Package: fontspec-xetex 2019/02/12 v2.7b Font selection for XeLaTeX and LuaLaTe
X
\l__fontspec_script_int=\count325
\l__fontspec_language_int=\count326
\l__fontspec_strnum_int=\count327
\l__fontspec_tmp_int=\count328
\l__fontspec_tmpa_int=\count329
\l__fontspec_tmpb_int=\count330
\l__fontspec_tmpc_int=\count331
\l__fontspec_em_int=\count332
\l__fontspec_emdef_int=\count333
\l__fontspec_strong_int=\count334
\l__fontspec_strongdef_int=\count335
\l__fontspec_tmpa_dim=\dimen304
\l__fontspec_tmpb_dim=\dimen305
\l__fontspec_tmpc_dim=\dimen306

(/usr/share/texlive/texmf-dist/tex/latex/base/fontenc.sty
Package: fontenc 2018/08/11 v2.0j Standard LaTeX package

(/usr/share/texlive/texmf-dist/tex/latex/base/tuenc.def
File: tuenc.def 2018/08/11 v2.0j Standard LaTeX file
LaTeX Font Info:    Redeclaring font encoding TU on input line 82.
))
(/usr/share/texlive/texmf-dist/tex/latex/fontspec/fontspec.cfg)
LaTeX Info: Redefining \itshape on input line 4044.
LaTeX Info: Redefining \slshape on input line 4049.
LaTeX Info: Redefining \scshape on input line 4054.
LaTeX Info: Redefining \upshape on input line 4059.
LaTeX Info: Redefining \em on input line 4089.
LaTeX Info: Redefining \emph on input line 4114.
LaTeX Font Info:    Font shape `TU/lmss/m/it' in size <10.95> not available
(Font)              Font shape `TU/lmss/m/sl' tried instead on input line 4164.

))
(/usr/share/texlive/texmf-dist/tex/xelatex/xecjk/xeCJK.cfg
File: xeCJK.cfg 2018/04/30 v3.7.1 Configuration file for xeCJK package
))
(/usr/share/texlive/texmf-dist/tex/generic/babel/babel.sty
Package: babel 2018/11/13 3.27 The Babel package

(/usr/share/texlive/texmf-dist/tex/generic/babel/switch.def
File: switch.def 2018/11/13 3.27 Babel switching mechanism
)
(/usr/share/texlive/texmf-dist/tex/generic/babel-english/english.ldf
Language: english 2017/06/06 v3.3r English support from the babel system

(/usr/share/texlive/texmf-dist/tex/generic/babel/babel.def
File: babel.def 2018/11/13 3.27 Babel common definitions
\babel@savecnt=\count336
\U@D=\dimen307

(/usr/share/texlive/texmf-dist/tex/generic/babel/xebabel.def
(/usr/share/texlive/texmf-dist/tex/generic/babel/txtbabel.def))
LaTeX Info: Redefining \textlatin on input line 2003.
\bbl@dirlevel=\count337
)
\l@canadian = a dialect from \language\l@american 
\l@australian = a dialect from \language\l@british 
\l@newzealand = a dialect from \language\l@british 
))
(/usr/share/texlive/texmf-dist/tex/latex/base/inputenc.sty
Package: inputenc 2018/08/11 v1.3c Input encoding file
\inpenc@prehook=\toks43
\inpenc@posthook=\toks44


Package inputenc Warning: inputenc package ignored with utf8 based engines.

) (/usr/share/texlive/texmf-dist/tex/latex/psnfss/times.sty
Package: times 2005/04/12 PSNFSS-v9.2a (SPQR) 
)
(/usr/share/texlive/texmf-dist/tex/latex/base/fontenc.sty
Package: fontenc 2018/08/11 v2.0j Standard LaTeX package

(/usr/share/texlive/texmf-dist/tex/latex/base/t1enc.def
File: t1enc.def 2018/08/11 v2.0j Standard LaTeX file
LaTeX Font Info:    Redeclaring font encoding T1 on input line 48.
)
LaTeX Font Info:    Try loading font information for T1+lmss on input line 105.


(/usr/share/texmf/tex/latex/lm/t1lmss.fd
File: t1lmss.fd 2009/10/30 v1.6 Font defs for Latin Modern
))
(/usr/share/texlive/texmf-dist/tex/latex/psnfss/pifont.sty
Package: pifont 2005/04/12 PSNFSS-v9.2a Pi font support (SPQR) 
LaTeX Font Info:    Try loading font information for U+pzd on input line 63.

(/usr/share/texlive/texmf-dist/tex/latex/psnfss/upzd.fd
File: upzd.fd 2001/06/04 font definitions for U/pzd.
)
LaTeX Font Info:    Try loading font information for U+psy on input line 64.

(/usr/share/texlive/texmf-dist/tex/latex/psnfss/upsy.fd
File: upsy.fd 2001/06/04 font definitions for U/psy.
))
(/usr/share/texlive/texmf-dist/tex/latex/natbib/bibentry.sty
Package: bibentry 2007/10/30 1.5 (PWD)
)
(/usr/share/texlive/texmf-dist/tex/latex/tools/verbatim.sty
Package: verbatim 2014/10/28 v1.5q LaTeX2e package for verbatim enhancements
\every@verbatim=\toks45
\verbatim@line=\toks46
\verbatim@in@stream=\read3
)

Package fontspec Warning: Font "WenQuanYi Micro Hei" does not contain
(fontspec)                requested Script "CJK".


Package fontspec Info: Could not resolve font "WenQuanYi Micro Hei/BI" (it
(fontspec)             probably doesn't exist).


Package fontspec Info: Could not resolve font "WenQuanYi Micro Hei/B" (it
(fontspec)             probably doesn't exist).


Package fontspec Info: Could not resolve font "WenQuanYi Micro Hei/I" (it
(fontspec)             probably doesn't exist).

LaTeX Font Info:    Try loading font information for T1+phv on input line 28.
(/usr/share/texlive/texmf-dist/tex/latex/psnfss/t1phv.fd
File: t1phv.fd 2001/06/04 scalable font definitions for T1/phv.
)

Package fontspec Info: Font family 'WenQuanYiMicroHei(0)' created for font
(fontspec)             'WenQuanYi Micro Hei' with options [Script={CJK}].
(fontspec)              
(fontspec)              This font family consists of the following NFSS
(fontspec)             series/shapes:
(fontspec)              
(fontspec)             - 'normal' (m/n) with NFSS spec.: <->"WenQuanYi Micro
(fontspec)             Hei/OT:script=latn;language=DFLT;"
(fontspec)             - 'small caps'  (m/sc) with NFSS spec.: 


Package fontspec Info: Font family 'DejaVuSans(0)' created for font 'DejaVu
(fontspec)             Sans' with options [Ligatures=TeX].
(fontspec)              
(fontspec)              This font family consists of the following NFSS
(fontspec)             series/shapes:
(fontspec)              
(fontspec)             - 'normal' (m/n) with NFSS spec.: <->"DejaVu
(fontspec)             Sans/OT:script=latn;language=DFLT;mapping=tex-text;"
(fontspec)             - 'small caps'  (m/sc) with NFSS spec.: 
(fontspec)             - 'bold' (bx/n) with NFSS spec.: <->"DejaVu
(fontspec)             Sans/B/OT:script=latn;language=DFLT;mapping=tex-text;"
(fontspec)             - 'bold small caps'  (bx/sc) with NFSS spec.: 
(fontspec)             - 'italic' (m/it) with NFSS spec.: <->"DejaVu
(fontspec)             Sans/I/OT:script=latn;language=DFLT;mapping=tex-text;"
(fontspec)             - 'italic small caps'  (m/itsc) with NFSS spec.: 
(fontspec)             - 'bold italic' (bx/it) with NFSS spec.: <->"DejaVu
(fontspec)             Sans/BI/OT:script=latn;language=DFLT;mapping=tex-text;"
(fontspec)             - 'bold italic small caps'  (bx/itsc) with NFSS spec.: 

LaTeX Info: Redefining \rmfamily on input line 29.


Package xeCJK Warning: Undefined CJK default family `\CJKsfdefault' has been
(xeCJK)                replaced by `\CJKrmdefault'.
(xeCJK)                
(xeCJK)                Try to use `\setCJKsansfont[...]{...}' to define it.

(./slides.aux)
\openout1 = `slides.aux'.

LaTeX Font Info:    Checking defaults for OML/cmm/m/it on input line 75.
LaTeX Font Info:    ... okay on input line 75.
LaTeX Font Info:    Checking defaults for T1/cmr/m/n on input line 75.
LaTeX Font Info:    ... okay on input line 75.
LaTeX Font Info:    Checking defaults for OT1/cmr/m/n on input line 75.
LaTeX Font Info:    ... okay on input line 75.
LaTeX Font Info:    Checking defaults for OMS/cmsy/m/n on input line 75.
LaTeX Font Info:    ... okay on input line 75.
LaTeX Font Info:    Checking defaults for TU/lmr/m/n on input line 75.
LaTeX Font Info:    ... okay on input line 75.
LaTeX Font Info:    Checking defaults for OMX/cmex/m/n on input line 75.
LaTeX Font Info:    ... okay on input line 75.
LaTeX Font Info:    Checking defaults for U/cmr/m/n on input line 75.
LaTeX Font Info:    ... okay on input line 75.
LaTeX Font Info:    Checking defaults for PD1/pdf/m/n on input line 75.
LaTeX Font Info:    ... okay on input line 75.
LaTeX Font Info:    Checking defaults for PU/pdf/m/n on input line 75.
LaTeX Font Info:    ... okay on input line 75.

*geometry* driver: auto-detecting
*geometry* detected driver: xetex
*geometry* verbose mode - [ preamble ] result:
* driver: xetex
* paper: custom
* layout: <same size as paper>
* layoutoffset:(h,v)=(0.0pt,0.0pt)
* modes: includehead includefoot 
* h-part:(L,W,R)=(10.95pt, 342.29536pt, 10.95pt)
* v-part:(T,H,B)=(0.0pt, 273.14662pt, 0.0pt)
* \paperwidth=364.19536pt
* \paperheight=273.14662pt
* \textwidth=342.29536pt
* \textheight=244.6939pt
* \oddsidemargin=-61.31999pt
* \evensidemargin=-61.31999pt
* \topmargin=-72.26999pt
* \headheight=14.22636pt
* \headsep=0.0pt
* \topskip=11.0pt
* \footskip=14.22636pt
* \marginparwidth=4.0pt
* \marginparsep=10.0pt
* \columnsep=10.0pt
* \skip\footins=10.0pt plus 4.0pt minus 2.0pt
* \hoffset=0.0pt
* \voffset=0.0pt
* \mag=1000
* \@twocolumnfalse
* \@twosidefalse
* \@mparswitchfalse
* \@reversemarginfalse
* (1in=72.27pt=25.4mm, 1cm=28.453pt)

ABD: EveryShipout initializing macros
\AtBeginShipoutBox=\box74
Package hyperref Info: Link coloring OFF on input line 75.

(/usr/share/texlive/texmf-dist/tex/latex/hyperref/nameref.sty
Package: nameref 2016/05/21 v2.44 Cross-referencing by name of section

(/usr/share/texlive/texmf-dist/tex/generic/oberdiek/gettitlestring.sty
Package: gettitlestring 2016/05/16 v1.5 Cleanup title references (HO)
)
\c@section@level=\count338
)
LaTeX Info: Redefining \ref on input line 75.
LaTeX Info: Redefining \pageref on input line 75.
LaTeX Info: Redefining \nameref on input line 75.

(./slides.out) (./slides.out)
\@outlinefile=\write5
\openout5 = `slides.out'.

LaTeX Font Info:    Overwriting symbol font `operators' in version `normal'
(Font)                  OT1/cmr/m/n --> OT1/cmss/m/n on input line 75.
LaTeX Font Info:    Overwriting symbol font `operators' in version `bold'
(Font)                  OT1/cmr/bx/n --> OT1/cmss/bx/n on input line 75.
\symnumbers=\mathgroup6
\sympureletters=\mathgroup7
LaTeX Font Info:    Overwriting math alphabet `\mathrm' in version `normal'
(Font)                  OT1/cmss/m/n --> T1/DejaVuSans(0)/m/n on input line 75.

LaTeX Font Info:    Redeclaring math alphabet \mathbf on input line 75.
LaTeX Font Info:    Overwriting math alphabet `\mathbf' in version `normal'
(Font)                  OT1/cmr/bx/n --> T1/phv/bx/n on input line 75.
LaTeX Font Info:    Overwriting math alphabet `\mathbf' in version `bold'
(Font)                  OT1/cmr/bx/n --> T1/phv/bx/n on input line 75.
LaTeX Font Info:    Redeclaring math alphabet \mathsf on input line 75.
LaTeX Font Info:    Overwriting math alphabet `\mathsf' in version `normal'
(Font)                  OT1/cmss/m/n --> T1/phv/m/n on input line 75.
LaTeX Font Info:    Overwriting math alphabet `\mathsf' in version `bold'
(Font)                  OT1/cmss/bx/n --> T1/phv/m/n on input line 75.
LaTeX Font Info:    Redeclaring math alphabet \mathit on input line 75.
LaTeX Font Info:    Overwriting math alphabet `\mathit' in version `normal'
(Font)                  OT1/cmr/m/it --> T1/phv/m/it on input line 75.
LaTeX Font Info:    Overwriting math alphabet `\mathit' in version `bold'
(Font)                  OT1/cmr/bx/it --> T1/phv/m/it on input line 75.
LaTeX Font Info:    Redeclaring math alphabet \mathtt on input line 75.
LaTeX Font Info:    Overwriting math alphabet `\mathtt' in version `normal'
(Font)                  OT1/cmtt/m/n --> T1/pcr/m/n on input line 75.
LaTeX Font Info:    Overwriting math alphabet `\mathtt' in version `bold'
(Font)                  OT1/cmtt/m/n --> T1/pcr/m/n on input line 75.
LaTeX Font Info:    Overwriting symbol font `numbers' in version `bold'
(Font)                  T1/phv/m/n --> T1/phv/bx/n on input line 75.
LaTeX Font Info:    Overwriting symbol font `pureletters' in version `bold'
(Font)                  T1/phv/m/it --> T1/phv/bx/it on input line 75.
LaTeX Font Info:    Overwriting math alphabet `\mathrm' in version `bold'
(Font)                  OT1/cmss/bx/n --> T1/DejaVuSans(0)/bx/n on input line 7
5.
LaTeX Font Info:    Overwriting math alphabet `\mathbf' in version `bold'
(Font)                  T1/phv/bx/n --> T1/phv/bx/n on input line 75.
LaTeX Font Info:    Overwriting math alphabet `\mathsf' in version `bold'
(Font)                  T1/phv/m/n --> T1/phv/bx/n on input line 75.
LaTeX Font Info:    Overwriting math alphabet `\mathit' in version `bold'
(Font)                  T1/phv/m/it --> T1/phv/bx/it on input line 75.
LaTeX Font Info:    Overwriting math alphabet `\mathtt' in version `bold'
(Font)                  T1/pcr/m/n --> T1/pcr/bx/n on input line 75.

(/usr/share/texlive/texmf-dist/tex/latex/translator/translator-basic-dictionary
-English.dict
Dictionary: translator-basic-dictionary, Language: English 
)
(/usr/share/texlive/texmf-dist/tex/latex/translator/translator-bibliography-dic
tionary-English.dict
Dictionary: translator-bibliography-dictionary, Language: English 
)
(/usr/share/texlive/texmf-dist/tex/latex/translator/translator-environment-dict
ionary-English.dict
Dictionary: translator-environment-dictionary, Language: English 
)
(/usr/share/texlive/texmf-dist/tex/latex/translator/translator-months-dictionar
y-English.dict
Dictionary: translator-months-dictionary, Language: English 
)
(/usr/share/texlive/texmf-dist/tex/latex/translator/translator-numbers-dictiona
ry-English.dict
Dictionary: translator-numbers-dictionary, Language: English 
)
(/usr/share/texlive/texmf-dist/tex/latex/translator/translator-theorem-dictiona
ry-English.dict
Dictionary: translator-theorem-dictionary, Language: English 
)

Package fontspec Info: Adjusting the maths setup (use [no-math] to avoid
(fontspec)             this).

\symlegacymaths=\mathgroup8
LaTeX Font Info:    Overwriting symbol font `legacymaths' in version `bold'
(Font)                  OT1/cmr/m/n --> OT1/cmr/bx/n on input line 75.
LaTeX Font Info:    Redeclaring math accent \acute on input line 75.
LaTeX Font Info:    Redeclaring math accent \grave on input line 75.
LaTeX Font Info:    Redeclaring math accent \ddot on input line 75.
LaTeX Font Info:    Redeclaring math accent \tilde on input line 75.
LaTeX Font Info:    Redeclaring math accent \bar on input line 75.
LaTeX Font Info:    Redeclaring math accent \breve on input line 75.
LaTeX Font Info:    Redeclaring math accent \check on input line 75.
LaTeX Font Info:    Redeclaring math accent \hat on input line 75.
LaTeX Font Info:    Redeclaring math accent \dot on input line 75.
LaTeX Font Info:    Redeclaring math accent \mathring on input line 75.
LaTeX Font Info:    Redeclaring math symbol \Gamma on input line 75.
LaTeX Font Info:    Redeclaring math symbol \Delta on input line 75.
LaTeX Font Info:    Redeclaring math symbol \Theta on input line 75.
LaTeX Font Info:    Redeclaring math symbol \Lambda on input line 75.
LaTeX Font Info:    Redeclaring math symbol \Xi on input line 75.
LaTeX Font Info:    Redeclaring math symbol \Pi on input line 75.
LaTeX Font Info:    Redeclaring math symbol \Sigma on input line 75.
LaTeX Font Info:    Redeclaring math symbol \Upsilon on input line 75.
LaTeX Font Info:    Redeclaring math symbol \Phi on input line 75.
LaTeX Font Info:    Redeclaring math symbol \Psi on input line 75.
LaTeX Font Info:    Redeclaring math symbol \Omega on input line 75.
LaTeX Font Info:    Redeclaring math symbol \mathdollar on input line 75.
LaTeX Font Info:    Redeclaring symbol font `operators' on input line 75.
LaTeX Font Info:    Encoding `OT1' has changed to `TU' for symbol font
(Font)              `operators' in the math version `normal' on input line 75.
LaTeX Font Info:    Overwriting symbol font `operators' in version `normal'
(Font)                  OT1/cmss/m/n --> TU/DejaVuSans(0)/m/n on input line 75.

LaTeX Font Info:    Encoding `OT1' has changed to `TU' for symbol font
(Font)              `operators' in the math version `bold' on input line 75.
LaTeX Font Info:    Overwriting symbol font `operators' in version `bold'
(Font)                  OT1/cmss/bx/n --> TU/DejaVuSans(0)/m/n on input line 75
.
LaTeX Font Info:    Overwriting symbol font `operators' in version `normal'
(Font)                  TU/DejaVuSans(0)/m/n --> TU/DejaVuSans(0)/m/n on input 
line 75.
LaTeX Font Info:    Redeclaring math alphabet \mathrm on input line 75.
LaTeX Font Info:    Overwriting math alphabet `\mathit' in version `normal'
(Font)                  T1/phv/m/it --> TU/DejaVuSans(0)/m/it on input line 75.

LaTeX Font Info:    Overwriting math alphabet `\mathbf' in version `normal'
(Font)                  T1/phv/bx/n --> TU/DejaVuSans(0)/bx/n on input line 75.

LaTeX Font Info:    Overwriting math alphabet `\mathsf' in version `normal'
(Font)                  T1/phv/m/n --> TU/phv/m/n on input line 75.
LaTeX Font Info:    Overwriting math alphabet `\mathtt' in version `normal'
(Font)                  T1/pcr/m/n --> TU/pcr/m/n on input line 75.
LaTeX Font Info:    Overwriting symbol font `operators' in version `bold'
(Font)                  TU/DejaVuSans(0)/m/n --> TU/DejaVuSans(0)/bx/n on input
 line 75.
LaTeX Font Info:    Overwriting math alphabet `\mathit' in version `bold'
(Font)                  T1/phv/bx/it --> TU/DejaVuSans(0)/bx/it on input line 7
5.
LaTeX Font Info:    Overwriting math alphabet `\mathsf' in version `bold'
(Font)                  T1/phv/bx/n --> TU/phv/bx/n on input line 75.
LaTeX Font Info:    Overwriting math alphabet `\mathtt' in version `bold'
(Font)                  T1/pcr/bx/n --> TU/pcr/bx/n on input line 75.
 (./slides.nav)
File: ../../utils/logo.jpg Graphic file (type bmp)
<../../utils/logo.jpg>
File: ../../utils/logo.jpg Graphic file (type bmp)
<../../utils/logo.jpg>
 [1

] (./slides.toc)
File: ../../utils/logo.jpg Graphic file (type bmp)
<../../utils/logo.jpg>
 [2

] (./slides.toc)
File: ../../utils/logo.jpg Graphic file (type bmp)
<../../utils/logo.jpg>
 [3

]
File: ../../utils/logo.jpg Graphic file (type bmp)
<../../utils/logo.jpg>

[4

]
\openout4 = `slides.vrb'.

 (./slides.vrb

Package xeCJK Warning: Unknown CJK family `\CJKttdefault' is being ignored.
(xeCJK)                
(xeCJK)                Try to use `\setCJKmonofont[...]{...}' to define it.

LaTeX Font Info:    Try loading font information for T1+pcr on input line 5.
(/usr/share/texlive/texmf-dist/tex/latex/psnfss/t1pcr.fd
File: t1pcr.fd 2001/06/04 font definitions for T1/pcr.
))
File: ../../utils/logo.jpg Graphic file (type bmp)
<../../utils/logo.jpg>
 [5

]
\openout4 = `slides.vrb'.

 (./slides.vrb)
File: ../../utils/logo.jpg Graphic file (type bmp)
<../../utils/logo.jpg>

[6

]
\openout4 = `slides.vrb'.

 (./slides.vrb)
Overfull \vbox (41.61192pt too high) detected at line 182
 []

File: ../../utils/logo.jpg Graphic file (type bmp)
<../../utils/logo.jpg>
[7

]
\openout4 = `slides.vrb'.

 (./slides.vrb
Overfull \hbox (70.5049pt too wide) in paragraph at lines 10--10
[]   \T1/pcr/m/n/8 ....:                      'C' : pd.Series(1,index=list(rang
e(4)),dtype='float32'),[] 
 []


Overfull \hbox (60.90489pt too wide) in paragraph at lines 12--12
[]   \T1/pcr/m/n/8 ....:                      'E' : pd.Categorical(["test","tra
in","test","train"]),[] 
 []

)
File: ../../utils/logo.jpg Graphic file (type bmp)
<../../utils/logo.jpg>
 [8

]
\openout4 = `slides.vrb'.

 (./slides.vrb)
File: ../../utils/logo.jpg Graphic file (type bmp)
<../../utils/logo.jpg>
 [9

]
\openout4 = `slides.vrb'.

 (./slides.vrb)
File: ../../utils/logo.jpg Graphic file (type bmp)
<../../utils/logo.jpg>
 [10

]
LaTeX Font Info:    Try loading font information for U+msa on input line 287.

(/usr/share/texlive/texmf-dist/tex/latex/amsfonts/umsa.fd
File: umsa.fd 2013/01/14 v3.01 AMS symbols A
)
LaTeX Font Info:    Try loading font information for U+msb on input line 287.

(/usr/share/texlive/texmf-dist/tex/latex/amsfonts/umsb.fd
File: umsb.fd 2013/01/14 v3.01 AMS symbols B
)
LaTeX Font Info:    Font shape `T1/phv/m/it' in size <10.95> not available
(Font)              Font shape `T1/phv/m/sl' tried instead on input line 287.
LaTeX Font Info:    Font shape `T1/phv/m/it' in size <8> not available
(Font)              Font shape `T1/phv/m/sl' tried instead on input line 287.
LaTeX Font Info:    Font shape `T1/phv/m/it' in size <6> not available
(Font)              Font shape `T1/phv/m/sl' tried instead on input line 287.
File: ../../utils/logo.jpg Graphic file (type bmp)
<../../utils/logo.jpg>
 [11

]
\openout4 = `slides.vrb'.

 (./slides.vrb)
File: ../../utils/logo.jpg Graphic file (type bmp)
<../../utils/logo.jpg>

[12

]
\openout4 = `slides.vrb'.

 (./slides.vrb)
File: ../../utils/logo.jpg Graphic file (type bmp)
<../../utils/logo.jpg>
 [13

]
\openout4 = `slides.vrb'.

 (./slides.vrb
Overfull \hbox (8.10486pt too wide) in paragraph at lines 9--9
[]   \T1/pcr/m/n/8 2013-01-01  2013-01-02  2013-01-03  2013-01-04  2013-01-05  
2013-01-06[] 
 []


Overfull \hbox (8.10486pt too wide) in paragraph at lines 10--10
[]\T1/pcr/m/n/8 A    0.469112    1.212112   -0.861849    0.721555   -0.424972  
 -0.673690[] 
 []


Overfull \hbox (8.10486pt too wide) in paragraph at lines 11--11
[]\T1/pcr/m/n/8 B   -0.282863   -0.173215   -2.104569   -0.706771    0.567020  
  0.113648[] 
 []


Overfull \hbox (8.10486pt too wide) in paragraph at lines 12--12
[]\T1/pcr/m/n/8 C   -1.509059    0.119209   -0.494929   -1.039575    0.276232  
 -1.478427[] 
 []


Overfull \hbox (8.10486pt too wide) in paragraph at lines 13--13
[]\T1/pcr/m/n/8 D   -1.135632   -1.044236    1.071804    0.271860   -1.087401  
  0.524988[] 
 []

)
File: ../../utils/logo.jpg Graphic file (type bmp)
<../../utils/logo.jpg>
 [14

]
\openout4 = `slides.vrb'.

 (./slides.vrb)
File: ../../utils/logo.jpg Graphic file (type bmp)
<../../utils/logo.jpg>
 [15

]
\openout4 = `slides.vrb'.

 (./slides.vrb)
File: ../../utils/logo.jpg Graphic file (type bmp)
<../../utils/logo.jpg>
 [16

]
File: ../../utils/logo.jpg Graphic file (type bmp)
<../../utils/logo.jpg>
 [17

]
\openout4 = `slides.vrb'.

 (./slides.vrb)
File: ../../utils/logo.jpg Graphic file (type bmp)
<../../utils/logo.jpg>
 [18

]
\openout4 = `slides.vrb'.


(./slides.vrb)
File: ../../utils/logo.jpg Graphic file (type bmp)
<../../utils/logo.jpg>
 [19

]
File: ../../utils/logo.jpg Graphic file (type bmp)
<../../utils/logo.jpg>
 [20

]
\openout4 = `slides.vrb'.

 (./slides.vrb)
File: ../../utils/logo.jpg Graphic file (type bmp)
<../../utils/logo.jpg>
 [21

]
File: ../../utils/logo.jpg Graphic file (type bmp)
<../../utils/logo.jpg>
 [22

]
\openout4 = `slides.vrb'.

 (./slides.vrb)
File: ../../utils/logo.jpg Graphic file (type bmp)
<../../utils/logo.jpg>
 [23

]
File: ../../utils/logo.jpg Graphic file (type bmp)
<../../utils/logo.jpg>
 [24

]
\openout4 = `slides.vrb'.


(./slides.vrb)
File: ../../utils/logo.jpg Graphic file (type bmp)
<../../utils/logo.jpg>
 [25

]
File: ../../utils/logo.jpg Graphic file (type bmp)
<../../utils/logo.jpg>
 [26

]
\openout4 = `slides.vrb'.

 (./slides.vrb)
File: ../../utils/logo.jpg Graphic file (type bmp)
<../../utils/logo.jpg>
 [27

]
File: ../../utils/logo.jpg Graphic file (type bmp)
<../../utils/logo.jpg>
 [28

]
\openout4 = `slides.vrb'.

 (./slides.vrb)
File: ../../utils/logo.jpg Graphic file (type bmp)
<../../utils/logo.jpg>
 [29

]
File: ../../utils/logo.jpg Graphic file (type bmp)
<../../utils/logo.jpg>
 [30

]
File: ../../utils/logo.jpg Graphic file (type bmp)
<../../utils/logo.jpg>

[31

]
\openout4 = `slides.vrb'.

 (./slides.vrb)
File: ../../utils/logo.jpg Graphic file (type bmp)
<../../utils/logo.jpg>
 [32

]
File: ../../utils/logo.jpg Graphic file (type bmp)
<../../utils/logo.jpg>
 [33

]
\openout4 = `slides.vrb'.

 (./slides.vrb)
File: ../../utils/logo.jpg Graphic file (type bmp)
<../../utils/logo.jpg>
 [34

]
File: ../../utils/logo.jpg Graphic file (type bmp)
<../../utils/logo.jpg>
 [35

]
\openout4 = `slides.vrb'.

 (./slides.vrb)
File: ../../utils/logo.jpg Graphic file (type bmp)
<../../utils/logo.jpg>
 [36

]
File: ../../utils/logo.jpg Graphic file (type bmp)
<../../utils/logo.jpg>

[37

]
\openout4 = `slides.vrb'.

 (./slides.vrb)
File: ../../utils/logo.jpg Graphic file (type bmp)
<../../utils/logo.jpg>
 [38

]
File: ../../utils/logo.jpg Graphic file (type bmp)
<../../utils/logo.jpg>
 [39

]
\openout4 = `slides.vrb'.

 (./slides.vrb)
File: ../../utils/logo.jpg Graphic file (type bmp)
<../../utils/logo.jpg>
 [40

]
File: ../../utils/logo.jpg Graphic file (type bmp)
<../../utils/logo.jpg>
 [41

]
\openout4 = `slides.vrb'.

 (./slides.vrb)
File: ../../utils/logo.jpg Graphic file (type bmp)
<../../utils/logo.jpg>
 [42

]
File: ../../utils/logo.jpg Graphic file (type bmp)
<../../utils/logo.jpg>

[43

]
\openout4 = `slides.vrb'.

 (./slides.vrb)
File: ../../utils/logo.jpg Graphic file (type bmp)
<../../utils/logo.jpg>
 [44

]
File: ../../utils/logo.jpg Graphic file (type bmp)
<../../utils/logo.jpg>
 [45

]
\openout4 = `slides.vrb'.

 (./slides.vrb)
File: ../../utils/logo.jpg Graphic file (type bmp)
<../../utils/logo.jpg>
 [46

]
File: ../../utils/logo.jpg Graphic file (type bmp)
<../../utils/logo.jpg>
 [47

]
\openout4 = `slides.vrb'.

 (./slides.vrb)
File: ../../utils/logo.jpg Graphic file (type bmp)
<../../utils/logo.jpg>
 [48

]
File: ../../utils/logo.jpg Graphic file (type bmp)
<../../utils/logo.jpg>

[49

]
\openout4 = `slides.vrb'.

 (./slides.vrb)
Overfull \vbox (4.91191pt too high) detected at line 922
 []

File: ../../utils/logo.jpg Graphic file (type bmp)
<../../utils/logo.jpg>
[50

]
File: ../../utils/logo.jpg Graphic file (type bmp)
<../../utils/logo.jpg>
 [51

]
\openout4 = `slides.vrb'.

 (./slides.vrb
Overfull \hbox (51.30489pt too wide) in paragraph at lines 7--7
[]\T1/pcr/m/n/8 In [45]: s1 = pd.Series([1,2,3,4,5,6], index=pd.date_range('201
30102', periods=6))[] 
 []

)
File: ../../utils/logo.jpg Graphic file (type bmp)
<../../utils/logo.jpg>
 [52

]
File: ../../utils/logo.jpg Graphic file (type bmp)
<../../utils/logo.jpg>
 [53

]
\openout4 = `slides.vrb'.

 (./slides.vrb)
File: ../../utils/logo.jpg Graphic file (type bmp)
<../../utils/logo.jpg>
 [54

]
File: ../../utils/logo.jpg Graphic file (type bmp)
<../../utils/logo.jpg>
 [55

]
\openout4 = `slides.vrb'.

 (./slides.vrb)
File: ../../utils/logo.jpg Graphic file (type bmp)
<../../utils/logo.jpg>
 [56

]
File: ../../utils/logo.jpg Graphic file (type bmp)
<../../utils/logo.jpg>
 [57

]
\openout4 = `slides.vrb'.

 (./slides.vrb)
File: ../../utils/logo.jpg Graphic file (type bmp)
<../../utils/logo.jpg>

[58

]
File: ../../utils/logo.jpg Graphic file (type bmp)
<../../utils/logo.jpg>
 [59

]
\openout4 = `slides.vrb'.

 (./slides.vrb)
File: ../../utils/logo.jpg Graphic file (type bmp)
<../../utils/logo.jpg>
 [60

]
File: ../../utils/logo.jpg Graphic file (type bmp)
<../../utils/logo.jpg>
 [61

]
\openout4 = `slides.vrb'.

 (./slides.vrb)
File: ../../utils/logo.jpg Graphic file (type bmp)
<../../utils/logo.jpg>
 [62

]
File: ../../utils/logo.jpg Graphic file (type bmp)
<../../utils/logo.jpg>
 [63

]
File: ../../utils/logo.jpg Graphic file (type bmp)
<../../utils/logo.jpg>
 [64

]
\openout4 = `slides.vrb'.

 (./slides.vrb
Overfull \hbox (27.30487pt too wide) in paragraph at lines 7--7
[]\T1/pcr/m/n/8 In [55]: df1 = df.reindex(index=dates[0:4], columns=list(df.col
umns) + ['E'])[] 
 []

)
File: ../../utils/logo.jpg Graphic file (type bmp)
<../../utils/logo.jpg>
 [65

]
File: ../../utils/logo.jpg Graphic file (type bmp)
<../../utils/logo.jpg>
 [66

]
\openout4 = `slides.vrb'.

 (./slides.vrb)
File: ../../utils/logo.jpg Graphic file (type bmp)
<../../utils/logo.jpg>
 [67

]
File: ../../utils/logo.jpg Graphic file (type bmp)
<../../utils/logo.jpg>
 [68

]
\openout4 = `slides.vrb'.

 (./slides.vrb)
File: ../../utils/logo.jpg Graphic file (type bmp)
<../../utils/logo.jpg>
 [69

]
File: ../../utils/logo.jpg Graphic file (type bmp)
<../../utils/logo.jpg>
 [70

]
\openout4 = `slides.vrb'.

 (./slides.vrb)
File: ../../utils/logo.jpg Graphic file (type bmp)
<../../utils/logo.jpg>

[71

]
File: ../../utils/logo.jpg Graphic file (type bmp)
<../../utils/logo.jpg>
 [72

]
File: ../../utils/logo.jpg Graphic file (type bmp)
<../../utils/logo.jpg>
 [73

]
File: ../../utils/logo.jpg Graphic file (type bmp)
<../../utils/logo.jpg>
 [74

]
\openout4 = `slides.vrb'.

 (./slides.vrb)
File: ../../utils/logo.jpg Graphic file (type bmp)
<../../utils/logo.jpg>
 [75

]
\openout4 = `slides.vrb'.

 (./slides.vrb)
File: ../../utils/logo.jpg Graphic file (type bmp)
<../../utils/logo.jpg>
 [76

]
\openout4 = `slides.vrb'.

 (./slides.vrb)
Overfull \vbox (42.91191pt too high) detected at line 1407
 []

File: ../../utils/logo.jpg Graphic file (type bmp)
<../../utils/logo.jpg>
[77

]
File: ../../utils/logo.jpg Graphic file (type bmp)
<../../utils/logo.jpg>
 [78

]
\openout4 = `slides.vrb'.

 (./slides.vrb
Overfull \hbox (65.7049pt too wide) in paragraph at lines 7--7
[]\T1/pcr/m/n/8 In [71]: s = pd.Series(['A', 'B', 'C', 'Aaba', 'Baca', np.nan, 
'CABA', 'dog', 'cat'])[] 
 []

)
File: ../../utils/logo.jpg Graphic file (type bmp)
<../../utils/logo.jpg>
 [79

]
File: ../../utils/logo.jpg Graphic file (type bmp)
<../../utils/logo.jpg>
 [80

]
File: ../../utils/logo.jpg Graphic file (type bmp)
<../../utils/logo.jpg>
 [81

]
File: ../../utils/logo.jpg Graphic file (type bmp)
<../../utils/logo.jpg>
 [82

]
\openout4 = `slides.vrb'.

 (./slides.vrb)
Overfull \vbox (128.41191pt too high) detected at line 1516
 []

File: ../../utils/logo.jpg Graphic file (type bmp)
<../../utils/logo.jpg>
[83

]
File: ../../utils/logo.jpg Graphic file (type bmp)
<../../utils/logo.jpg>
 [84

]
\openout4 = `slides.vrb'.

 (./slides.vrb)
Overfull \vbox (42.91191pt too high) detected at line 1560
 []

File: ../../utils/logo.jpg Graphic file (type bmp)
<../../utils/logo.jpg>
[85

]
File: ../../utils/logo.jpg Graphic file (type bmp)
<../../utils/logo.jpg>
 [86

]
\openout4 = `slides.vrb'.

 (./slides.vrb)
Overfull \vbox (23.91191pt too high) detected at line 1602
 []

File: ../../utils/logo.jpg Graphic file (type bmp)
<../../utils/logo.jpg>
[87

]
File: ../../utils/logo.jpg Graphic file (type bmp)
<../../utils/logo.jpg>
 [88

]
\openout4 = `slides.vrb'.

 (./slides.vrb
Overfull \hbox (22.50487pt too wide) in paragraph at lines 7--7
[]\T1/pcr/m/n/8 In [87]: df = pd.DataFrame(np.random.randn(8, 4), columns=['A',
'B','C','D'])[] 
 []

)
Overfull \vbox (90.41191pt too high) detected at line 1651
 []

File: ../../utils/logo.jpg Graphic file (type bmp)
<../../utils/logo.jpg>
[89

]
File: ../../utils/logo.jpg Graphic file (type bmp)
<../../utils/logo.jpg>
 [90

]
\openout4 = `slides.vrb'.

 (./slides.vrb)
Overfull \vbox (4.91191pt too high) detected at line 1694
 []

File: ../../utils/logo.jpg Graphic file (type bmp)
<../../utils/logo.jpg>
[91

]
File: ../../utils/logo.jpg Graphic file (type bmp)
<../../utils/logo.jpg>
 [92

]
\openout4 = `slides.vrb'.

 (./slides.vrb)
File: ../../utils/logo.jpg Graphic file (type bmp)
<../../utils/logo.jpg>
 [93

]
\openout4 = `slides.vrb'.

 (./slides.vrb)
File: ../../utils/logo.jpg Graphic file (type bmp)
<../../utils/logo.jpg>
 [94

]
File: ../../utils/logo.jpg Graphic file (type bmp)
<../../utils/logo.jpg>
 [95

]
\openout4 = `slides.vrb'.

 (./slides.vrb
Overfull \hbox (3.30486pt too wide) in paragraph at lines 9--9
[]\T1/pcr/m/n/8 In [109]: ts = pd.Series(np.random.randint(0, 500, len(rng)), i
ndex=rng)[] 
 []

)
File: ../../utils/logo.jpg Graphic file (type bmp)
<../../utils/logo.jpg>
 [96

]
File: ../../utils/logo.jpg Graphic file (type bmp)
<../../utils/logo.jpg>
 [97

]
\openout4 = `slides.vrb'.

 (./slides.vrb)
Overfull \vbox (42.91191pt too high) detected at line 1827
 []

File: ../../utils/logo.jpg Graphic file (type bmp)
<../../utils/logo.jpg>
[98

]
File: ../../utils/logo.jpg Graphic file (type bmp)
<../../utils/logo.jpg>
 [99

]
\openout4 = `slides.vrb'.

 (./slides.vrb)
File: ../../utils/logo.jpg Graphic file (type bmp)
<../../utils/logo.jpg>
 [100

]
File: ../../utils/logo.jpg Graphic file (type bmp)
<../../utils/logo.jpg>
 [101

]
\openout4 = `slides.vrb'.

 (./slides.vrb)
Overfull \vbox (128.41191pt too high) detected at line 1909
 []

File: ../../utils/logo.jpg Graphic file (type bmp)
<../../utils/logo.jpg>
[102

]
File: ../../utils/logo.jpg Graphic file (type bmp)
<../../utils/logo.jpg>
 [103

]
\openout4 = `slides.vrb'.

 (./slides.vrb)
File: ../../utils/logo.jpg Graphic file (type bmp)
<../../utils/logo.jpg>
 [104

]
File: ../../utils/logo.jpg Graphic file (type bmp)
<../../utils/logo.jpg>
 [105

]
\openout4 = `slides.vrb'.

 (./slides.vrb
Overfull \hbox (104.10492pt too wide) in paragraph at lines 7--7
[]\T1/pcr/m/n/8 In [127]: df = pd.DataFrame({"id":[1,2,3,4,5,6], "raw_grade":['
a', 'b', 'b', 'a', 'a', 'e']})[] 
 []

)
File: ../../utils/logo.jpg Graphic file (type bmp)
<../../utils/logo.jpg>
 [106

]
File: ../../utils/logo.jpg Graphic file (type bmp)
<../../utils/logo.jpg>
 [107

]
\openout4 = `slides.vrb'.

 (./slides.vrb)
File: ../../utils/logo.jpg Graphic file (type bmp)
<../../utils/logo.jpg>
 [108

]
File: ../../utils/logo.jpg Graphic file (type bmp)
<../../utils/logo.jpg>
 [109

]
\openout4 = `slides.vrb'.

 (./slides.vrb
Overfull \hbox (3.30486pt too wide) in paragraph at lines 7--7
[]\T1/pcr/m/n/8 In [130]: df["grade"].cat.categories = ["very good", "good", "v
ery bad"][] 
 []

)
File: ../../utils/logo.jpg Graphic file (type bmp)
<../../utils/logo.jpg>
 [110

]
File: ../../utils/logo.jpg Graphic file (type bmp)
<../../utils/logo.jpg>
 [111

]
\openout4 = `slides.vrb'.

 (./slides.vrb
Overfull \hbox (166.50496pt too wide) in paragraph at lines 7--7
[]\T1/pcr/m/n/8 In [131]: df["grade"] = df["grade"].cat.set_categories(["very b
ad", "bad", "medium", "good", "very good"])[] 
 []

)
File: ../../utils/logo.jpg Graphic file (type bmp)
<../../utils/logo.jpg>
 [112

]
File: ../../utils/logo.jpg Graphic file (type bmp)
<../../utils/logo.jpg>
 [113

]
\openout4 = `slides.vrb'.

 (./slides.vrb)
File: ../../utils/logo.jpg Graphic file (type bmp)
<../../utils/logo.jpg>
 [114

]
File: ../../utils/logo.jpg Graphic file (type bmp)
<../../utils/logo.jpg>
 [115

]
\openout4 = `slides.vrb'.

 (./slides.vrb)
File: ../../utils/logo.jpg Graphic file (type bmp)
<../../utils/logo.jpg>
 [116

]
File: ../../utils/logo.jpg Graphic file (type bmp)
<../../utils/logo.jpg>
 [117

]
\openout4 = `slides.vrb'.


(./slides.vrb
Overfull \hbox (108.90492pt too wide) in paragraph at lines 7--7
[]\T1/pcr/m/n/8 In [135]: ts = pd.Series(np.random.randn(1000), index=pd.date_r
ange('1/1/2000', periods=1000))[] 
 []

)
File: ../../utils/logo.jpg Graphic file (type bmp)
<../../utils/logo.jpg>
 [118

]
File: ../../utils/logo.jpg Graphic file (type bmp)
<../../utils/logo.jpg>
 [119

]
\openout4 = `slides.vrb'.

 (./slides.vrb)
File: ../../utils/logo.jpg Graphic file (type bmp)
<../../utils/logo.jpg>
 [120

]
File: ../../utils/logo.jpg Graphic file (type bmp)
<../../utils/logo.jpg>
 [121

]
\openout4 = `slides.vrb'.

 (./slides.vrb)
File: ../../utils/logo.jpg Graphic file (type bmp)
<../../utils/logo.jpg>
 [122

]
File: ../../utils/logo.jpg Graphic file (type bmp)
<../../utils/logo.jpg>
 [123

]
\openout4 = `slides.vrb'.


(./slides.vrb)
Overfull \vbox (14.41191pt too high) detected at line 2239
 []

File: ../../utils/logo.jpg Graphic file (type bmp)
<../../utils/logo.jpg>
[124

]
File: ../../utils/logo.jpg Graphic file (type bmp)
<../../utils/logo.jpg>
 [125

]
File: ../../utils/logo.jpg Graphic file (type bmp)
<../../utils/logo.jpg>
 [126

]
\openout4 = `slides.vrb'.

 (./slides.vrb)
File: ../../utils/logo.jpg Graphic file (type bmp)
<../../utils/logo.jpg>
 [127

]
File: ../../utils/logo.jpg Graphic file (type bmp)
<../../utils/logo.jpg>
 [128

]
\openout4 = `slides.vrb'.

 (./slides.vrb)
Overfull \vbox (14.41191pt too high) detected at line 2309
 []

File: ../../utils/logo.jpg Graphic file (type bmp)
<../../utils/logo.jpg>
[129

]
File: ../../utils/logo.jpg Graphic file (type bmp)
<../../utils/logo.jpg>
 [130

]
File: ../../utils/logo.jpg Graphic file (type bmp)
<../../utils/logo.jpg>
 [131

]
\openout4 = `slides.vrb'.

 (./slides.vrb)
File: ../../utils/logo.jpg Graphic file (type bmp)
<../../utils/logo.jpg>
 [132

]
File: ../../utils/logo.jpg Graphic file (type bmp)
<../../utils/logo.jpg>
 [133

]
\openout4 = `slides.vrb'.

 (./slides.vrb
Overfull \hbox (36.90488pt too wide) in paragraph at lines 7--7
[]\T1/pcr/m/n/8 In [146]: pd.read_excel('foo.xlsx', 'Sheet1', index_col=None, n
a_values=['NA'])[] 
 []

)
Overfull \vbox (14.41191pt too high) detected at line 2379
 []

File: ../../utils/logo.jpg Graphic file (type bmp)
<../../utils/logo.jpg>
[134

]
File: ../../utils/logo.jpg Graphic file (type bmp)
<../../utils/logo.jpg>
 [135

]
\openout4 = `slides.vrb'.

 (./slides.vrb
Overfull \hbox (70.5049pt too wide) in paragraph at lines 11--11
[]\T1/pcr/m/n/8 ValueError: The truth value of an array is ambiguous. Use a.emp
ty, a.any() or a.all().[] 
 []

)
File: ../../utils/logo.jpg Graphic file (type bmp)
<../../utils/logo.jpg>
 [136

]
File: ../../utils/logo.jpg Graphic file (type bmp)
<../../utils/logo.jpg>
 [137

]
File: ../../utils/logo.jpg Graphic file (type bmp)
<../../utils/logo.jpg>
 [138

]
\tf@nav=\write6
\openout6 = `slides.nav'.

\tf@toc=\write7
\openout7 = `slides.toc'.

\tf@snm=\write8
\openout8 = `slides.snm'.

Package atveryend Info: Empty hook `BeforeClearDocument' on input line 2421.
Package atveryend Info: Empty hook `AfterLastShipout' on input line 2421.
 (./slides.aux)
Package atveryend Info: Empty hook `AtVeryEndDocument' on input line 2421.
Package atveryend Info: Executing hook `AtEndAfterFileList' on input line 2421.

Package rerunfilecheck Info: File `slides.out' has not changed.
(rerunfilecheck)             Checksum: ADB1BDBA3698E169D02704338D403E83.
 ) 
Here is how much of TeX's memory you used:
 34158 strings out of 492912
 690656 string characters out of 6134893
 805208 words of memory out of 5000000
 37529 multiletter control sequences out of 15000+600000
 555731 words of font info for 78 fonts, out of 8000000 for 9000
 1348 hyphenation exceptions out of 8191
 56i,15n,67p,773b,642s stack positions out of 5000i,500n,10000p,200000b,80000s

Output written on slides.pdf (138 pages).
