2020-11-10 21:58:39 +0800::Zhilei Ren::321f14abea7d929001cb262e8886a48b9dd062e3::lec18
2020-11-08 17:31:07 +0800::Zhilei Ren::1ebb8c5e29cad4e4970a8c6aa91a1946d3874265::os-subprocess-glob
2020-11-08 17:30:49 +0800::Zhilei Ren::809a2afa514ce2aa80de51f798f5850e40b0c092::z3
2020-11-03 21:19:32 +0800::Zhilei Ren::aed16c9a8b39d645c80f031c7ce28d121aa0a418::lec17
2020-10-19 06:59:36 +0800::Zhilei Ren::d42d2ae2c19dca91fc49a0bea6f37e75fdd4d7fe::lec9
2020-10-19 06:56:28 +0800::Zhilei Ren::a47edaace6cbb6778b819b0a6e420ee17b355415::lec9
2020-10-11 17:35:24 +0800::Zhilei Ren::5bda148940ce8d2ed682336b68760c9b41805ac3::lec7
2020-09-23 06:41:20 +0800::Zhilei Ren::385bd97e7ee0877e089333a5dcc7fc42d393f493::lec4
2020-09-20 21:53:02 +0800::Zhilei Ren::012e5919a25147f2f87440a5647a7e920abf429b::lec3
2020-09-12 21:55:46 +0800::Zhilei Ren::3c221c1077dbb4b52e77ed1be69c62e18d1af890::lecture2
2020-09-12 21:02:11 +0800::Zhilei Ren::f5480785c03eaae653842b001d9a97a06eef5c51::lecture1
2019-12-26 11:40:58 +0800::Zhilei Ren::b3a4cb2309bb831f2076f10d28d97d8936ee8ca1::z3-matplotlib
2019-12-23 22:27:13 +0800::zhilei::e4d186c063a3e3ee113f02dfa80da50e01816440::smt
2019-12-12 01:12:53 +0800::Zhilei Ren::3566d65a638b0cf9e48f4c7de4ca055cf1a106f7::triangle
2019-12-05 19:42:19 +0800::zhilei::3848ae2ab86e653d61d16b3821b059d67a335241::news-example
2019-12-02 22:47:02 +0800::ren::97fe2764a890346a82ec7eded72003f72be61748::visual
2019-12-02 21:37:47 +0800::ren::33e52b1c4f24d67e309f212ab257fad8195a56e1::visual-tree
2019-11-26 00:00:54 +0800::Zhilei Ren::e9347f108363ec85caab59066d942b61f6db446d::part2
2019-11-20 17:06:36 +0800::zhilei::e1b9acad1d8e9f20411bd9dd4d120a5092a77b8a::Merge-branch-master-of-https-bitbucket.org-rezilla-open-lecture-notes
2019-11-20 17:06:05 +0800::zhilei::f06d109a23b9806402b6d171b01462a39ac74be6::func
2019-11-11 23:39:10 +0800::Zhilei Ren::9100cb6366d5d8e6de430c1217bc9210af143248::lecture3
2019-11-07 13:03:41 +0800::Zhilei Ren::af45008df5a73de099cc38bce57d09af75701e53::eric
2019-11-04 23:08:15 +0800::Zhilei Ren::f9510169ecf80d0963f586b855afbe53a7c6bfb5::summary
2019-11-04 22:46:38 +0800::Zhilei Ren::a3061c3dbf42ff93ddeb8b73b8a58742c3546b43::cola
2019-11-04 14:45:42 +0800::Zhilei Ren::722876bcc1ef792eec602a86204bc4f245f076c9::big-name
2017-12-29 06:54:45 +0800::Zhilei Ren::5f37501e526488161d78716480a18f92a8b03611::lec14
2017-12-25 22:10:23 +0800::Zhilei Ren::b1181c945c5eb53abcb5548432976e13d42c73bc::lec13
2017-12-21 23:11:36 +0800::Zhilei Ren::9404a2381d54ba3b6809fd7f3205db15d302f577::lec12
2017-12-18 22:42:08 +0800::Zhilei Ren::6fa42911d8ee0afe1d30523a9fb562069d933100::lec1112
2017-12-18 19:15:33 +0800::Zhilei Ren::79e1dac017885b3c508eb5ae08059f2f7afca6f1::lec11
2017-12-18 17:07:38 +0800::zhilei::d8b5eb04c3286582e05bdd7575a055dec892cac6::lec11lec12
2017-12-18 16:20:54 +0800::zhilei::4cf0dea5d6789317678a21e6b9c003dcaaf52559::lec11lec12
2017-12-18 08:17:35 +0800::Zhilei Ren::6239720e2d0decfcc7fb57cb87a5ade6299384f9::lec12
2017-12-14 23:45:57 +0800::Zhilei Ren::12eb710e53706838861bd365bc980a6227df2a72::lec11
2017-12-14 20:15:36 +0800::Zhilei Ren::c9440f2d6b593adb01a26552274e252f17f874bc::lec11
2017-12-13 17:05:30 +0800::zhilei::7e1798a290790fa200bbdb49eed8e6a3250b3fd7::lec11
2017-12-13 16:37:24 +0800::zhilei::a93d72438c4dcc20434cdc8118b5761c4800808f::lec11
2017-12-13 15:52:36 +0800::Zhilei Ren::eb1552d30ce71e7a062754519b3a3adf8d36b836::lec11
2017-12-12 07:17:16 +0800::Zhilei Ren::d736366934d63770af80aa915a3edc1e395515a3::lec10
2017-12-11 23:37:36 +0800::Zhilei Ren::83abf770032fca294a0f36752146089b02e72be4::lec10
2017-12-11 21:16:57 +0800::Zhilei Ren::92cbce3802a6a4af63b3737c1571c794faeea125::lec10
2017-12-11 11:46:55 +0800::Zhilei Ren::6bea5441a620cad9d2c0175c28d6452f851f4014::lec9
2017-12-11 11:45:46 +0800::Zhilei Ren::6ffb6ede1cf163036bfcb97e4ef71fd252fc8211::lec10
2017-12-07 23:53:08 +0800::Zhilei Ren::e4ea632abf417979defed4835d129955224805e4::lec9
2017-12-07 22:43:38 +0800::Zhilei Ren::5c0097badb42561009b50dbd1aaba3e1b19d9005::lec9
2017-12-07 10:41:01 +0800::Zhilei Ren::66bce8a34cf0d0c31031c5b7917018f9bcd391cd::survey
2017-12-07 00:13:05 +0800::Zhilei Ren::eb8d8c0ca8d40dd5f2544999e99e3739932a8be9::lec9
2017-12-04 23:52:28 +0800::Zhilei Ren::4f3cda92087023a4315580c9638529b420124429::lec8
2017-12-04 18:09:15 +0800::Zhilei Ren::8b7638d95dff2981346330a2311af323ae46d47c::lec8
2017-12-01 07:08:49 +0800::Zhilei Ren::9ab3720df866626e4f0ba3d61b1bb40ae394b3c4::lec7
2017-12-01 00:29:47 +0800::Zhilei Ren::34be65657f3f78c4d40d5207005ff07b91684dcf::lec7
2017-11-30 21:24:39 +0800::Zhilei Ren::890d7e2fb866a71144f3c4beef1903c3e58d54d3::crawl
2017-11-28 16:01:24 +0800::Zhilei Ren::deb24c692874bf7a7a17cdadd9d1ea0cfb3d4342::lec6
2017-11-28 15:59:53 +0800::Zhilei Ren::f1670200b03e9e6ab1e6f798926228af9c666677::local
2017-11-28 12:35:27 +0800::zhilei::aca6c0dfad0b342eee962edf271f633486336070::Merge-branch-master-of-https-bitbucket.org-rezilla-open-lecture-notes
2017-11-28 12:11:22 +0800::zhilei::13775db13f35656663bea3184f55d9bee6c066e1::local
2017-11-28 07:57:19 +0800::Zhilei Ren::ae71f8b6748e6ef16d8573795c814d7d8ac144bc::lec6
2017-11-27 23:53:36 +0800::Zhilei Ren::cf629f36915ace022597e4111da2bf1da087ba4a::lec6
2017-11-27 23:05:07 +0800::Zhilei Ren::f8adff3a507436b8ecc02609be5bf0b618899882::lec6
2017-11-27 01:12:01 +0800::Zhilei Ren::1d0247a28761f76335e87f67434018d974c230fa::lec6
2017-11-23 22:46:14 +0800::Zhilei Ren::42098ddd96bc9ff3d0f21b28f3632879006a0f95::lec56
2017-11-23 19:04:17 +0800::Zhilei Ren::f34a7cb5c24e8cdbbb979fbf9b244a5357e8ec92::local
2017-11-23 13:12:16 +0800::zhilei::adcc96420830548deb43384fc488e8288e50af69::reqbs4
2017-11-22 23:39:45 +0800::Zhilei Ren::3ffa4abae6dfadc2b8fc666a2ee20340830eb510::lec6
2017-11-22 22:38:58 +0800::Zhilei Ren::945502add262b186f34d27c77726084aba0eead5::lec5
2017-11-22 14:50:40 +0800::Zhilei Ren::87ab06452ab7fb14a95c181b371db1752de1768b::lec6
2017-11-21 04:38:23 +0800::Zhilei Ren::e473bf71008a6fca87d03f2ab8dde12b9d032b1b::lec5
2017-11-20 21:45:20 +0800::Zhilei Ren::a7fd49e84b34095a20c0b24af5777a252f201cd8::Merge-branch-master-of-https-bitbucket.org-rezilla-open-lecture-notes
2017-11-20 21:45:12 +0800::Zhilei Ren::952a76eb4d4d407561d875c62df64aa800e9b8d0::local
2017-11-20 20:20:42 +0800::zhilei::3f6fd98251653bbce7d023eb12723125d88a30e9::lec4
2017-11-20 16:47:20 +0800::zhilei::f5d45345fef35fc8ae43145c040b33aaef61eda9::lec4
2017-11-20 11:26:41 +0800::Zhilei Ren::6f0c063bde89833880bbcf25498b80aff4d1096a::local
2017-11-19 12:53:17 +0800::zhilei::2a04d4035b72922abca76cf57c33255ffcaedf91::turtle
2017-11-17 07:06:13 +0800::Zhilei Ren::c4998a074e8271e63c8b59afba7a7de2beddcd88::lec4
2017-11-17 00:07:39 +0800::Zhilei Ren::1e527db215ef6cde829d76d5d0c85cf4339370c8::lec4
2017-11-16 21:52:31 +0800::Zhilei Ren::2ff16120e69ef69f205a918375690a88f6d9e9cf::lec4
2017-11-15 19:53:50 +0800::Zhilei Ren::92016f05fb3365cbb764ba59b1db8aee6d2f0e70::tree
2017-11-15 19:16:03 +0800::Zhilei Ren::a16a232f30a5538bfc066eb2ee63d2ed0d8232db::Merge-branch-master-of-https-bitbucket.org-rezilla-open-lecture-notes
2017-11-15 19:15:00 +0800::Zhilei Ren::bd06091189217b68ce8b8e272b6e842066691e21::local
2017-11-15 18:05:26 +0800::zhilei::5e9f7ea6a0ac18e21db20a945daad3c0fff559f7::lec4
2017-11-15 15:39:03 +0800::zhilei::e0955c373b722cd8d8fda6701df78fd8c476a359::lec4
2017-11-15 11:29:49 +0800::Zhilei Ren::176e2bfefb992c3fc96b898cc3c2cf5d6d2637db::lec4
2017-11-14 06:53:45 +0800::Zhilei Ren::a00ddffd20d00e2878959ff541b159c70510d7e5::lec3lec4
2017-11-14 00:28:44 +0800::Zhilei Ren::a7471dce30f2b2d556937a3ee71dc3f80b483274::lec3
2017-11-13 15:37:49 +0800::Zhilei Ren::c1227e818cbe553c91a9882acdaa10b7c4e8c354::lec3
2017-11-11 21:30:12 +0800::Zhilei Ren::aec9a32f7a1fc4b1da059504376e016ccdd3c71f::lec3
2017-11-11 20:29:37 +0800::Zhilei Ren::62ad8eb0c638bd591f058190ad95e84a0e855ab8::lec3
2017-11-11 17:13:54 +0800::zhilei::26ce4747ca5b70cf4ec4dc2c991d07d45700aabc::lec3
2017-11-11 10:29:42 +0800::Zhilei Ren::1cd750993d7fa26f3a9cbaaeb857b1f4f7fa414c::diagram
2017-11-10 07:05:29 +0800::Zhilei Ren::7fa7a3fd792547e2fdd1dd87b1edb6e8c7a9f29a::react
2017-11-10 06:23:48 +0800::Zhilei Ren::2dc19344a9ea4af908915fd6e45ad1d1c4160a44::lec2
2017-11-09 23:33:37 +0800::Zhilei Ren::39799467b959e797e7c8e36e7d22ed6d1a5d7841::lec2
2017-11-09 21:55:34 +0800::Zhilei Ren::8b9a3287497401a16e2bc9cdb40fc4781f93db63::lecture2
2017-11-07 06:45:36 +0800::Zhilei Ren::9b49fe6718fc6afcd8309d5ab107ea3ed7664b0f::lecture1
2017-09-21 11:48:33 +0800::zhilei::221eaaddfd2d82210547cfd2be3f2a016ad2ec64::debian
2017-09-20 22:07:47 +0800::zhilei::1d2adf4cf2e65da46fee0a5a65e8800d091e91e6::distros
2017-09-19 19:26:16 +0800::zhilei::c88888e01e20b984fb95db85671db66fd41cc668::mongo
2017-09-19 14:15:39 +0800::ren::4d436c5a7fc3dca45cc8039b5d5839899753f116::install
2017-09-19 09:52:29 +0800::ren::c9f4599e557394f22638515762e7d3c4124b2675::bill
2017-09-19 01:23:53 +0800::Zhilei Ren::ca68e9522ae0fd3182ca9eb4748eb54f3d468bf9::license
2017-09-19 00:32:05 +0800::zhilei::b58f64d52c0e7a5812c372e01c8deda88972b1e4::crud
2017-09-18 22:41:42 +0800::Zhilei Ren::2c4967d23816e92847a026910287cdf02df2fc2e::json
2017-09-18 19:56:15 +0800::zhilei::79a5394968b32ee97b3c2961615809b7914127f1::Merge-branch-master-of-https-bitbucket.org-rezilla-open-lecture-notes
2017-09-18 19:55:17 +0800::zhilei::fcd5eb5497a5645a661a739e22e7576f01288305::local
2017-09-18 18:23:08 +0800::ren::45963b23c90ae3637a35b2c647e53a46661a2dc4::js
2017-09-18 16:09:41 +0800::ren::dbf5b346f5cf77debabc49997350db609a3be916::mongodb
2017-08-31 16:20:44 +0800::ren::54c735d7c2030a3f2077e44b41efe4bf192921f6::py
2017-08-31 12:29:55 +0800::ren::e696d96034bf14c19a3eba07a46ef6b6a0cbee05::url
2017-08-31 12:19:25 +0800::ren::501dd66bb24f73bce2f6a106acf339ae1e9c8cd8::geng
2017-06-10 11:56:07 +0800::Zhilei Ren::9810c4d1229d3872114cd357e655744d42a8826b::slight
2017-06-10 04:15:08 +0800::Zhilei Ren::a828370d3ab29031d54a2f208c8e9c523efa597e::definition
2017-06-09 16:45:59 +0800::ren::6af7e649404a6f4d81345627d016665b34aadc27::template
2017-06-09 16:35:37 +0800::ren::1f37670e678b4fb6dbf24340cf9935dc0ba61794::empty-slides
2017-06-09 16:28:27 +0800::ren::fd522ac004b56db2ef5110536c7ad506a5a03f6c::syllabus
2016-11-07 10:37:35 +0800::Zhilei Ren::e6200002dc55ee8577478f3932f638628224b1b7::init