This is XeTeX, Version 3.14159265-2.6-0.99996 (TeX Live 2016/Debian) (preloaded format=xelatex 2017.4.23)  7 DEC 2017 21:57
entering extended mode
 restricted \write18 enabled.
 %&-line parsing enabled.
**slides.
(/usr/share/texlive/texmf-dist/tex/latex/tools/x.tex
! Interruption.
<to be read again> 
                   \begingroup 
l.1 
    %%
? 
! Emergency stop.
<to be read again> 
                   \begingroup 
l.1 
    %%
End of file on the terminal!

 
Here is how much of TeX's memory you used:
 7 strings out of 495232
 161 string characters out of 6180489
 46763 words of memory out of 5000000
 3400 multiletter control sequences out of 15000+600000
 3640 words of font info for 14 fonts, out of 8000000 for 9000
 264 hyphenation exceptions out of 8191
 3i,0n,1p,12b,6s stack positions out of 5000i,500n,10000p,200000b,80000s
No pages of output.
